[
  {
    "version": 2,
    "name": "_image",
    "extent": 4096,
    "features": [
      {
        "raster": "ffd8ffe000104a46494600010100000100010000ffdb00430006040506050406060506070706080a100a0a09090a140e0f0c1017141818171416161a1d251f1a1b231c1616202c20232627292a29191f2d302d283025282928ffdb0043010707070a080a130a0a13281a161a2828282828282828282828282828282828282828282828282828282828282828282828282828282828282828282828282828ffc00011080100010003012200021101031101ffc4001f0000010501010101010100000000000000000102030405060708090a0bffc400b5100002010303020403050504040000017d01020300041105122131410613516107227114328191a1082342b1c11552d1f02433627282090a161718191a25262728292a3435363738393a434445464748494a535455565758595a636465666768696a737475767778797a838485868788898a92939495969798999aa2a3a4a5a6a7a8a9aab2b3b4b5b6b7b8b9bac2c3c4c5c6c7c8c9cad2d3d4d5d6d7d8d9dae1e2e3e4e5e6e7e8e9eaf1f2f3f4f5f6f7f8f9faffc4001f0100030101010101010101010000000000000102030405060708090a0bffc400b51100020102040403040705040400010277000102031104052131061241510761711322328108144291a1b1c109233352f0156272d10a162434e125f11718191a262728292a35363738393a434445464748494a535455565758595a636465666768696a737475767778797a82838485868788898a92939495969798999aa2a3a4a5a6a7a8a9aab2b3b4b5b6b7b8b9bac2c3c4c5c6c7c8c9cad2d3d4d5d6d7d8d9dae2e3e4e5e6e7e8e9eaf2f3f4f5f6f7f8f9faffda000c03010002110311003f00f984e7b518a53456e660690d04d25201452d36945002d14514c4145145001451462800a28c518a0028a28a0007bd21f6a5a2818941a5c6693a5200a4a5eb494005145140c514f5eb4c15228e69a258f078a69a53c0a4354c430f5a28a2a4614e1d29b4e5a0061e4d21e694d200681894549b09a611834ac171294514b400514629714c42514e0b4f119a760b910a5a90c748168b05c6515262908a2c1719452e2822900da2968a004a283450020eb41a534948625145140c55eb538e950a0e6a5278aa892c4345145021a7ad253e9b8e690c4a70e9498a5a60205cf352050050b4a69a44b62138a898e4d3fbd2f9743d46b422a502a5f2c539500a5ca1718169c129e0628aab0ae200052d078a92089a7992242a19c85059828e7d49e07d4d3111d34ad74be24b05d3e3b5b086ea2ba580177d91019760092ae3efafa1cf183c0ef99a8a3dc4297d0e9e2d2cce210d1ee28cea067962793d48f7ed4019946334a29c280181682b4fa28b01095a6915b0745d486a8ba6bd8dc2dfb155103210d9600af07d411f9d51bbb696d6e258278da39a2628e8c30548e08352d0d32a52629ec314da92843d293b53a9a339340c4a5a3145201cbd6a43d29a829cd54b6258945145001484734034b40051451400e43c52e335183f3715734f896e2f2de191c469248a8ce7f8413826a9099005ad6b7d0b519f49975286d2692d227547911490a5b3827db835ec937c23d2b48f1969865b937de1e9aead5564f30309a295d9198b0c6ddac147fc0abadd2fc430fc3cd76f7c13afc9a769be1b21a557b88a59e696172db63241c020719c639f5a9e6ec16ee7cd5aae8da86947fd3ad64890b322c98ca31538386e879f4aaf6767737b23a59dbcd3ba2348cb12162a8a3258e3a003bd7d3dfb48fc47d13fe10f8bc35e1cb8b4bc7bbdad2988ee10c630ca4638c9e3dfad7cbd0dc4d0acab0cb246b2aec9023101d739c1f51902aa2db5a8322a28a2988ef742d0bc3ef649abdebdd9d22d760b8690012dc4a43663891720741cb30ee7dab374163a76a4758b5b226c2495e2b68ae0eef3064653701b5980232186d3e9dab9982e25b770d0c8c841cf078f4feb48f2bbccd2e42b962ff200a01ce780381f851603dc6eae348d3fc4ef77e3eb69347074c6fb1d8d849fbc6dc4831cd8e5491919c0ce7a8c579a788fc5e756f0de97a1dae9969a7d959132379392d3c84637b13ed8e2b9d9af2e274916790ca647f319dfe672dcff0011e7b9ef55e8b009fc54b45488b198a42f21590636aedc86f5e7b50013c9e6c85f6247d06d418151d145007d1ffb26f86adefa5d5f5ad4fcb758f64716e7cb0c6739f41d3df8f4af3afda122d361f89da92e931aac6c16479125deb2b32825863a7a1f7156fe0fea2da86b9a3f87ed63b4864b89b64aedb87da5402de5c801195cf27bf031e95e97f1bf46d19fe17dd5edfd8dbd9f88f4c9a1b111c5f205f9b2303f8c32966cff0081ae752b54d51a5af1d0f96e4151118ab93c3242db26428d8ce0f5aaeeb5b35d494c8e90d2e28a9189452d1400e434f34c406a50bc55213198a4c54a06282b4ec2b90818a5a732e29b53618528a4a51d28403454d6eca245f3012808dc075c5403ad3d0e0d0819f4ad8fc4c8353f09f83744d2ed25bcb98894bbb5562ec9e56d287240c293c800f0063d2b57e3f6bfa6f8bef60f0bdbd9c1f6f4b137e9792abf988fb4b792aaa339201ceee39f6cd796fc013a75d7898e9fab6af3d8c7232cb0c48180b870705772fcca70723b1c7d2b0b59f187fc5d0bbf12d9daa2797705ade2491954055d88491c9e809f5e6a391a93681bbab1c63298dd924521d4e083c60d358ee6270067b01815b3e31d663f10788aef5286ce1b38e62b88a140a3850376071938c9f7358b5b22428a28a0028a28a0028a29d1a3cb22c712b3bb10aaaa3249f402801b4549710cb6d3bc37113c534676ba3a95653e841e951d001452d3a34dee1772ae7bb741400432c904a92c323c7221caba1c107d41aee741f18eb5ab451f87b55ba175a55dde457176f380d232a11d643c8000ae131ce0734ec3ab94190c7e5201ebed532498d33d8fe36ea7e05d5a0f33c38f24daccb3091a48c8f2b91b59791923e5041273cf35e35221562ae0ab03820f515d52f86231a53bbb4a6f02ee0aa3209eeb8ae59d4ab1073907bd4519464ad1771c935b90b2e298454e4669a52b4684991629ca99a704f5a7d0905c455c52d145310514504e064d0014d2b4ea280222b8a053d85369586463ad3a994ea928b5657335a5cc5716b2bc33c4c1d2446dacac3a1045349c9c9eb5121e6a4ab440514514005145140051455bd26ca5d4752b6b3b750649a40833d064f53e83d4d00775f0abe14eb5f102633db85b4d1e29364d7921000ee428fe238fc3d6bbe8edfc01f066f9ef23d4dfc4fe2fb725608a350b0dbb7232d8246707d491d80ab7f19bc7d17847c3b6de05f072ad87970aade4b6e71c951b803d724e727a9cd7ce5d7ad42bcb5e83d8d2f136b371e21d7eff0056bdc0b8bc95a570bd067b0acca28abd842d253f2db591492a4827f0ff00f5d757e1cd36de3892edf124847cb9e83f0acab5654a3cccb8439dd9191a56877578db995a141d19d7afd2b774af0da899a4bac49861b115feefb922ba5b3b2926569ce1611925db9c63aff314d6b958637f2541c020161924fa8ec2bcba98ba93db43b234611dcbd1daa88ddee25f2e3c15dddce7fba3bd655e58e9eafe5dbdb298c704b00c587d6833c9332b6d650c30436091e99aab797eb68a8000d7327dc52c300fa93d85634dbbd9153b3d4e1356812df51b88a2c6c56e31d87a554a9ef9a47bc9da665690b9dc54f04e7b54201270064d7bd1d95cf3989452d3a38da40db47dd1934c0d5d134593500eecc1110e3041cb1eb8fcaacf8a3c2f79a16a1342e04b12608743d880791d475c1f7a6786f5b934b9420b7f3dbcc574427196c8e0f7c1c0ad7f18f8c353d66e9e6d42c20b6ba63879220c0301d06093f9d72b9565574b58b7c9cbe6718c197e560460f43487a915d35feb1a75f696fe75be2f08c0e3a1f506b98ae8849c96aac4b0a28a2a8414d614ea2802002969a4d28350592275a7d46a6a4ab4430a2ad43617330531c2c431c0ed9350cd0c904852646471d9860d09a6047451450015defc301169ad7baf4f31416b1b08d047bb73019e4e46d1d3eb9ae0abb4d02ee0bdf0ddd696be5c136c2725b1bcfafb9ac6bb6a25c126ce6358d426d5b54babfba399a790bb7b67b7e154a9f2c6d148c9202aea7041a92c6d9ef2ee2b78b1be46da33dab5ba4afd08356d743967d09af11373925970dfc20e0f1f9d55161bac564456666e770cf03b822bbb11359682b05b302d1c663e475cf53fce96ce2d3e0b18c40307682a5c64107939f7c8af2de324aefccea741248c2f0ee8f613d93bcf089a4490a960c7071e9835b8b6d042a046aaaaa080abc002aacc91c574971187492421180c0073dcfe552b382a467183deb9ead494ddee6b08a5a22692ee5687cb0dfbb5ea3a67fcfbd445fae476e6ab4b36c638c06f5355bcd25c0fe9cd66a372ef6341e6d8a427df3c283515bc2049299479ad28f9b2300e3b7e55734db48625335f0679490522e99f727fc29f7b32b0558e28e3dadb8951ce3eb4af6d114927ab33d349d359a433d9ae5893b949e3f0cf15933786a48efd6681a26b70c1b60cf4cf4ad992e9448d8c80477a9ed1d6e248e3676443f7d801c7d2b48d7a90ea47b284ba189a9d84570ee4c0237e9903a5722e0a3b2e7a1c7d6bd46e6381e278965de40215c8c13e99ae2ec34196e7ed2b701a290380848e0f527fa735d985c4a516e6f430ad49dec9193a77986fa1f253cc937642fad7712fdb2ea2305c5820dcb82fe602071d4566e97a741673f98be619010327b7afe75b8f76fbf2403d8fa9a8c4625392e444c68dd3e6385d5749b9d39ff7a84c7d9c0e2b3abd16f66fb55a3dbba830b8da4f3c7b8ac0b0f0a49705ccd751c4ab9c103766baa8e2e328de6eccce54da765a9ccd15a7ab68f3e9d2904acb1f50ebdc566575464a4ae8cc28a2a7b1816e6ea38a49a38118f3249f7547ad3033e8a9140c539579cd458ab8b04124c708a49032715da695a0d9c76d1cf7c5b729ce0af0fc6401fe4552f0768f737b3fdacc520d3e27db2ca010b9c67693ef8fd6b575dbb47bcf2ad9d0c71a84cc68514f1ce01ae5af55c5f2c47157d58e92e92da27cc29865c2b11960036460f6acbd4613aa7ef27b8632226d8d58f41d719a40d9039c539a68e3219f6907af6207b572c6728bbc772a566ac60df69f7165b4cc9856e8c391552bb38e58678b6ccbe646e4f56c8c76cff8d73e628ad75b5446cc61c7bfe15db4b11ce9a6b544b8db629db5b99d6660e88234de771c67d852456d34a85e389d901c16038cd6d5a69ab35e4b35f4623407841c06fcbb56dee8f09d06cced000007bd454c5a8bb2d47185f739ad32ccdc620ba8596376c897182a71ebdc1c55a97489b4cbb86e6ddda78e260ec506180079adff003148e581e38a9ed308924d310a982109eededf4feb5ccf1736fcbb17ecd223176b71621e2e438dd9c7229b6f347b2258ce3e50a0e38071c8cfe751c9711451fcbb54039dabdcd38c720d3d33c1560c4b0fbb93ff00d7ae776368bea49736e2640e4fcc983eb934db6264695e450cb172c010327b75a7ac862255d181e381ce7e87d2a934b19bb6f319bcb272c8bd58ff009cfe74450a73b3d0e82da14ba8e305e34cb6d39e7f1a759adbd94cb3488b2ed60385edf4f5acd82e000554152795e738faff008d32e1d8c790dd4723fcf7a524996aa6971f35e2b6a0f2c8c581ce07a03492dc24d1b6d043118e9935455189e793568298d06100f5c75a1ab094990f94c4f231528755070707341230719069ac9fbb271db3cd66cd63a2ba24b7959d1b81e648703d87f9ef57256f23633287d831b73c127d6aa5abeef2c73e838c8ff38a96e5833ed3d00efc554968429134091cac19919a4e871d09aa5772c793b015f66e6b47490f23bc5182b2f1b18f4ce7233ef5972c4f31763c3f4618ef44626739761f6d7b1c36c5245676249fafbfa521bb4046c1b01ed9e2ab360a85e770eb9edf4aaef1966efcf3cd528a33e768b3a822df42b6ef36c07f8c7f5aa09e180932486613c00e4a8f949f6cf6ab5b55429e437f31eb5a964e3690a4903f84e07d6b48d69c15a2c718c66f53174ad06d6f2de413c53c33ac8ca06eeddbb7eb4ba8f8366485a6b190c817aa3f0c4fb7f8576286deda269a22c242b83e611c67d315722b980da144043b3296600b1c83c1c7a75a6b17579af7d0d7d846c787a54c8a5d9557924e052451348ea88096620003b9aee2cfc1f7365a7c17b7a444f3a97891810c547048cf1d78af56a5454e376716ec6c12ad968d1430b6d9594861b720e7a907dfa63159170fe442efd7038abf7e0249b06485e393e9e9f8d60b4c2eef56290910eec601eb5c308b9be67ea56c5bb09649a0679f685cf07a55808ac7d87539cfe14310b8440020e00a646f9538383db8e959c9ddb6868cc921992ee54b72548395507191ed5ad630ac689b970cdcb6ee4e7145b4913a1ca832ab100f5a9725f71570ac39ce719a752aca4b94168c91e65270a33d3f0a125dc47240f4eb55802a70c307da9c5829e00391f9562d07317adbca937bcce55410005192dd7f2e94f95cca59ce06d0005eca2a809019580f5ce7a76ab0921647443cb11c1ee076a96ac172e2448e9927e65e9df1f4353bb946c7540705ba8e39ace590a8e84f7e0e2a53396196241c75cd1ca6d1d892e25cf3bb27fc6a9300af19271cf51d454acc7230703b0c541390475e7e942563392ee5af39514104927834e1316070481d7154a27182a73d3b548001c822aac2b96bcc236b2e437422a78a76e01239fd6a9063db8fa50ccdfc246e271f854b40aa345b94a3e49ea4d2b10d100c1885f4191558b61739e7e9de9636201c1233c1c7a566d6a5c6abb925912acbf36d2a79e7a8f6ad070b34a1d18027d4f35457611f70023b8a7a805065806a6d8f9bb1a168f240c1930483d00c818a742219ae8b492491a1232c39ebd78e9f99aada533f98cb9251bae7f87deb56e746bab71336e8a5808277a367206082075e723ad56c5277464eaf6c225520625cfcd8391f507b8e95481fe0db9cfa8ce2b4e695e783cb650d86c15ce318a8ad60dcd99404c119e7b73939fa508c9efa096f015609228daddcf6c763561f646bf2052e09184fcbfc6925bd8257630c91ccb1f521b8ff003c03ef555275bc8d258530243bbe61838a2cd6e5a6968873cecc5c632146e3ea7e94926a9f61679e49648c0f9b2a3049e3007e95626885b2897cc5dc4618e40007f215cf6adaa6972dacf6c0ced2143875c15dc0f03e9c0aba549d496da17ed7951cbc0db278dbd181aefbc4faa472c36314729dab123b124805881d8938c00076e3d2bcf6b4adade5beb79a79a525205e84f24e2bd4af4d4acdbd0e44ec5f0c653b4b0e3dfa0acb711d9df704c81483c569194a5aa492feecb29c6463ff00d75956107da6f21893827924fb7358518d949bd86d9a52cb34b19786cf0a79dcc71c7d29eb68cd2432bc8158021957907d2afdbd94b6f094b86f30127e6ea36ff8d44e06d1b07193df9ae77516d115c8c4401c8032dd4fd28da1090c3bfe3563ca1b7e74c9383f4e689e2dc488c723938e6b2b8af72b31240001e2902e01ce78ce715a3656e5cecdb2073c805700fe3e9435b49c968d43138e077a5ceae1a99a80094804904d5c8f68c0007d4546201e7003eeb7033ea2ad8b6652723903f034db4545d8433303c63239276f526a2f3599be7008cfa0c8a9fecaf8cf009f4a6ada49dc13cf5c54dd16a69e844ca700839c9f5a24418dc4647a67156040c080c085ff00eb67f3a8bca63c8f9cf43fec9a771b76dca510eaac391d0d4c1b0bc03cfa8a93cacbed2002adb73df9a49176e02e0e38cd36ee6611c992077a1a4c1273c8a8cfcac4e467a71535bda9941918818c9c9381c51615ae2c692b47e61c6d39f6cd346770e6b496d442e8b2480a15ce4a920e47afad453451ab281804739047eb4345729591883c9341701aa40a9c6f5e9ebce4ff00852341b9b28067a71de972a16db166d5c22120658838cf6a82e75c8e3768dae0a9da148e78e9fe154f53bf6d3600abb4cf2a9da0ff000afad728c4b312c4927924d75d0c37b45796c1cd63b58fc4568aebbf2ec71f32f18aa3e27d6da78cdbdaf96b04a7736cc67e9ec39ae5ead69b6c6f2ed62edc96fa0ae8586a74df3f60e67b17fc3f633ea1e6c5b8a59a0f3666ce0003dff1ab37be24108f2ace1d8a8a157756b4e915a6897168a8224971b8938c01c8527d49e7e80579f39cb13510e5aedc9a1459afaa6b5717b12c67091f0580fe23eb5921ce73431c814dae849455a256fb9a3f659bed42d8c644c4ed0a78e6ba6d374a96d2ce78e695034846367cc0119ebdbbff009e2b4b4ed3c167d4af2226f64cfc8a41d800edf85595decec40098fe0cf20e3d7debcfaf8be75cb1f9936302f34569e45925ba66079718ee7fbb56ed3438ece71322b16c60063c29feb9abe2556983aa85607ee83cd587ba5dc4338caf3b48c7e7dab9e55ea35cb7d06d22938dd290ce0104e003e9fd7daa131abc430b97e80f1f9d5c92159959e3723772070460d462231e4313d80ed59a64efb115ac7c067ce08c1c9ceea5485565053819c83f53ff00d6ab4aa7a11562d6ca4b962003c0c93ed49cadb951a729688a3196724846018e7f2153ac6769ea7071d0f15d3db68bb2053e51773ea7deafae86ac5f0a54e391dbad60ebc51d51c24ada9c0e936ad313236e0aac422e3a7ad6b1b3ce4aaf4e0f1d38aec34cd044436aa719dd823b93ff00ebab9268e89192887a64e071fe71532c4abe8691c1b4b5385b2b24b9931925b81f4e7bd5e934808eca141383dff9574173a62400ba052471bbae33e829b6c05c49e5ce08cff1fa7d697b5bec5c30b18ab491c55fda490e43a61546493d571ce7e958d76c629e27603cc183f29e1876ff000c5767e23b5b8b58f10c8a4b300724938e9819f4e2b0b4cd0a7d4ee4390aea300ab93f974c7e75d14a69abb392a536a7cb131f5131a5deeb69439e8db3a0f606886df037c24ccb8dcc3ba9af431e08d91cad21820fdd9db9859d58e7a7f7ba107774e78158169a25ed9a5d4798c4c395e41ce3af1d3f1aa55a0d5932bd84afa9cdbc4a712060633f313e949a64859e66c9c1c05e33c0c93f99357c69be7de62759102fcec15b8c819e6ab895a49d96da3f933d33c7ff00aab45356d0c92e562caef27524e3fc9350963927bd74d6da34b3d96f5c07638e31923e9e9589abd8b594caad91bb8c6318c5671a89bb21ce2d6a5228cdb4e411df8e680ec18a8dc33d79cd5b8225465129c0c6793c66a9c84acedc1c83818eb8ad232bbb185f5b19773a5b4f33b093a8c82dd49ff0ac9bdb496d16332800b82460e6baa9c9b71938f3026700703d2b9dbf669ec6da491b2e320e7ae33c57a187a93968f604cce06b5bc37204d4d73d1948febfd2b1eac5acff0066613e7053ee8f535d735cd168ab1abe25d49879b6aa55c39cb9239047415ce2b9542a402a79e9c8a49e569a5691ce4b1ce69aa79aca11505ca8b4ac89511a4cec1bb0326917ae08a8b38391c1a912791338c1cfa8abb858f5833852638e4247dddb80323fc8ef55d6de464f3373f98ca5f6852db7ebdb93d3fa550f116aff00d937a882de06b8425648cb6e1d31dbbf5eb58907886edef05d3cac90c4c3f74ac791d3f90af228e16728f309ad753a259644bd452e11d0e189c6ef7071d3e95a8608361b8c0042f5031c7b573d728d25c1d574851731ba96b8889c939ef8ec7af4e78cd5cd1aec6a36f2980b2c67e5789cf438ce01fc3a9f4a9ab45a8f3adba82762c58ed37aa22c6d94126307eeb7b7e54f9afeca2d596c6691bcd6c7cca32013d055b8e59da194dbc2be64685f605209c0c8edf8f5af377b7bfbabc7731c866662e4918e735786a0ab36e5a2417e43be96e517556b148a466407749b7e4fc31d6ba0d0cc7e680d82a78db8ed5e492c3a9d8ce24712866e770c90d5db786b509e4b5594a4a26cf53cf03bff0093462b07cb0e68bd070aee13bf43d35f5ab2d1ee21b69959c4ab908b8f947439278c77aecf4bb1fed6b392e63b27b6da410ac49dc08e3b5780f8d4de482daf8a18a4887ce00c6ce7e53cf18f7fa57d11f0a3c6569e2ef0fd9acaab6b7f6e8627855c156d8141651fc20f50a7a7d2b8d6097b2f68b5efe4742c4ce7553e6b47b7716d74861264dbc922a901f6601518249e7b75e3ad5ad5f451705fc841bd0021780c57b123fc457452cff67d5606fb3bc1624344e5a2c16901da0fae08e84f18a835c963c7992958b03019701b07b6783f866b8eaaa74d5ba9d90949bb9c35ee94d16e1b46dc66a8c5a647259cd340a9e544c51c1701891d783fd7ad4fab6b9e5c9218c33aaae7700724671ce38fc7f3ac296ff51be8e28e084ca253c2e400573ce4f4db8f4c9e78a54e2de891539f665691e296f5a3b72085504ee56254e781bba7e63eb5d65a78363b9d245db882caf7cbdcb2db29562deac3a77c74fa62b21743d6c11358adada975545114cd8cf38439e3383dbfc2b7749d0f5bb7965b67b916c92286c603fcd8e47f75b1c7a7515ab835b18c65ccfde2d68827b7897cf0aca6331b6d7e383c1c0e41c8f4ae6f58f0b3ea12cf2d84a3cd7c910b3e08f619e08cd75e9e1f9449e7992349547cc0c5b54e7e87b7356edecee0266178e58cf00b74cfbff81acf95c7546f74d58f38b6f085d343b6fed963948c32f273e87ffd554e7f031b12c22876b1009ea71d7aff009f4af598a0bef30032428a5896518dabf43d7144da8e9f116579a265fe37de181c7bfe358fb49aea1ece2fa1e34be65bf9b12abf98836e76f23f1e95ca4b63717baa348e3273b546323776cfbd7a578f6ff4a8616fb2bcb1b13f71318739e31fad72b36a5676f6ea34a13ac8ebcfdd03279fbc79033cfad74d1949aba4725782bdae719acc1b2574072cb8ebc60f707f5a224582ce49523ddb40cc8c703247f9e2aa5e5c195d4e49e793cf38ee7d6b12fbc43b525b78b7ba6ece4f1b8f4e6bd385194d591e7495de843abdeb619437ef24fbd8f4accbb3b628546edc17041fcea288b5d5e2f98f8dedc935aba8ded8a5ba46b0349246bb017e0823bfbd7ab08aa694521dada18db1b6ee7f957af3dea0924de703ee8e944ced2b65ba7a532a9b35480d2529a290c0f5a2948fe54da00d2632dc2c8cb0b48c4ee693049f7ab9696fa81d36eade3b299a37db2bb0427685cf3f4e6beddd1bc23a5db8543676fb4e07312e703a01d8015178abc056ede1bd461d26dadae2fa581d235bb6c212dc72546460138fa0af2a19b7b5d5434f53a2785e4ea7c5ba624fa75b7f68c379188c1d8f1a49f3e4e7823af6ebd2adf853599135168a79014998125ce32c38193efdcd1e27f05f88fc371b3eb9a3ddda421f679ac998f77fbc323f5e6b2b41d0355d7ef3ecba2d85cdf5c633b2042c40f53e95ea4a30a917b34ce549a763a8d39e18bc4ceb71726e2de4263676e7bf424fd3afd6bd53c3163a2fda20b72619669537c32328f9543761f5c8f4e2bc0afd6ef4e99ed6f2d5ed6ea262ae24465704704107bfe150d95dc96f711cc773ec1800bb2fea0823f0ae7c4e0956b72cac694eaf26e8fa37fb2f49bfbcba8221f6a9a01d5002a0f20807f3a962d15212865b68d6024a9ca6383c630077c1fe7577f662d223b6f0e4f7fa8062f792349046633b768e33bbd720f15edfa8245259bf9910923fbcdcf383e9fa5783569b84e508caf63bd38ca29b8ee7ce3e39d32ef48f0edd2e961a75949857232638db0768cfa631f8fad3ff00674d692c2c75ab6bc64003a496f1ed3be491b0a5578c90401c67b0ed5ea775a6b69ae536f9b62ec591c7cd81dbf019e95a3a769ba7dabbcb6d6115bc8ea373a2fdf1d803e99aba38992a52a4d6e653c3a73538b2d43aaa4881268da3940fba3e607d70475f7acfd6e292fed658e384cfc60291c2f1c02a6b47ec96e97391b94ffb24e081d88fafa5624d697304f330b7919d9c73cfa1e73dfb74ae294249dce9b2d8e562b4b91a8ada5ec6c21ced1e5808d919efd874e7e95b7a0699676735b5baaf971b2e77c983b0e7919e9d39f7ce6b2f5dd3af649e558ae2489a1c799202bb724160318c9c74e0e2a9f81f5ab95f374eb9285e3cb2a939423a17563ce41ebec6bb68a8b567b984a4a2ec7aeda476704664b5489378f9a45032d8e3934cb8d5a085c2a61998e3e6e87fc6b968eee5611a3471c722310ca5339f7fa73d47e3515fb16539203672360e7f2a994d45e868a9df73a69de39ad84e92c4d237aa8e31ee78eb5c2f893c4d7fa05d44f756c26b477201236e067b11c7b60d66df6b53d9878d26065380d9c9c7d40e7f0ae3b59f17de5d5bbabb84933d47a0ea08e9dfdbe9426e7d09a8d416e7aed9788ed351d1a4b8d3402e72be5cca786c8c83db1cfafd6b84f176a76de5b35bf972cb1fca536a80bd8723d0579fdaf8a6eedede7b55937a3ae539e87d78feb45a6a31dc5c3916a1eea7055a469c7b03b463038f5cf7c5258469dfa18fd715add4bf246faaa196ec2c8a4b2a2edf94727041ea7a75f4ae175a8f5bd264bdb9b9b78d2362634c3e11071caae79cf1d6bd1609563b90628c6c03f89f209efc9ed9ed5c0fc4ed3ee9e45d4da5636c5c44b0b71b38ea07a1c75f5af4f06973f2bb599cb526a5d4a2d1b5ff00874dcdb48bf68518976ae307ff00d5dc5715b79cf5aded3b565b1b030c110f39db2cecdc631e9f9fe74821b1b04dd778999d0300bd39af4a11f6575d3a18dcada269f24d7514aca562521b763af3d07bd676b1324da84af18c296240ad93e22688ecd3a1581154aa93f31c1f5cf1dfd2b996259989eb9a7ab7765453bdd866928a514cd0503d6929cfc7d6994085f4a5228078c629c36d3b01fa3f04fba5db1c242a9e09181ef534d32a9f9ce73c62aadd59bb4acf2b968970db173cf3d3dc557b6d34b879e1f3236207eedc9c1f5e3b1af8d7095b43d5f75bbb1da8d8596a7a74d69a959c177652ff00ac8e550508073920fa11f5acbf027817c2de1cbdbdd63c310344ba8a2a32a4acd128539f954f4c9f527db038ae8edc2058e28dfe6fe363dbd45496f716f6f9b68230238f83b71804fb574e1ab3843de7a19548a93d1106b3e1dd1f5a8fcbd5b4db2bf01760fb540b2ed1ec48c8fc08ae12ff00e17f8374f99eea2f0dda490411ef7b62c4abe5f0c7073c85c91cfb63a57a242f2899c336f4739fa7ff005aa2d4de316c56539933b5081ce4f5fc31d6b78625b5a36919ba6afa9cb78435cd1b59d3e14f0c7d916c51da248adc6d550a7180303071838ed9efd6bab49555bcb91178183839e3debe678a47f863f14ee74d2b3c5a0eb52ac96b2a8f961949c71cf4058a9ef820e0f43f40f86f7b6971b4a2562060993ef1f539efdea6bd09427cd17a3d51a424a51d7a1cbfc6ad6b51f086810eb5a269b15ec46611de7985888e223a803a0278cf6247ad4fe12d52d35fd1fedba15e0bbb52b80060b42c541dac3d464647b715dc4f6516a1a6dcd95caeeb6ba85a2914f3c30c1ebf5af15b7f8131d8f8b2f6fa2d61ad34999dda3d3ed0bc65d48f9519b23e5cf5033c703ad744634a74ef3f75afc4c79a7097bbaa67a058cf32451cf71190532091f32b73c1cf63edefdf8ad3b99cbc6e65da11c00b86c9e7d457ccbe28d6be20fc2f4b2b4d41ac6ef4c07ca81a4b652085e8a5800d9c63bf4efc5635b7c73f139bdb67b98f4f6b6470cf0a418dcb9e403938fad5ac04e6af169a1bc424f547d212e98753526c2678a0914ac9349191bb1c700f5ce3a8ae1fc4fe1378ae0b4173bd87ceacab86439edfe7eb5d4e85e34d3b56f0fade69d302260ce8920dbb393f2e39e9cf7accbdd49d8857618041c838cf15e54dce9cedb346d1a6aa4798e66dbc517f617223d72d818c8319ba894e5471ced1c7e5f87bea5cea96d7301b8b7d4acca47f39f367c32e31fc2dcf00f61ffd627962bede1625328e0055cfe958faf58d9f931b850c413bb001c01faf4cd6f19c66d292d4c64ead257dd183aadedb876984d05e9793016373231c1e48c60f1d77122b1bc46da7ab23e992165953950d960c47523d091dfdfa549736770f7f1d92799be51f28200dd93e98f6fd2a1b3b64b2ba94b45968f2b9230091d78aef8b8a8d9238fdb394aef619a64896d6ef1c9036d76dca46093ec4f4e3934d8e34fb6c1318c300f9d8ab9c0f7efc56bdc5c43f638da264f33243718db9e98ed59cd16c224041918ff7bdbd3f0a22dc96a6356ca5eeb25beba5c3ba18e16886d8994925bd723fc6b0fc4faf7fc52b3584fb66799c04671f3021b248f603bfbd49af5cdb69ef2477773179aa7798e360ecd9e70319fd715c56b97715ddba5e12a1ddcc6b129cf968a3bfa939eb5d586a0eea52d9046e65771505d4cd33fccd90a368fa0a6bcc48213201e0fbd47918c0af4252b9aa561d1b60d46c0863efcd381e734e94fa74a9e857522a5a28c52185252e2928016969b4b822803f4aade5c9772e0f3fa532cae8cf7ad12465e300e5fa053e95c841e25d31e296349024c01f507d339abf63e208fca0219cb3f7ce39f5c57c6c711aae63d27156d0eae6b189e27461c3e77638ce6b26df4dfecc8a7c3191188605ba8c7ad649f1cc70dfac1346a212bf2c8ae3391d411f91e2aade78d609a42be62c67b03d3f3ad6bce8ca3ee934dcaf63b1b727ca49180dede9515ccca2464900248eb9e83358763ac9b91e6619429c2e0f5e3bfb565eb9e2380c1308261f694f4e475e9e95cbedda4a313554f5bb38cfda07c333eb5e1b8ae74831acda739bb4550773800eec1f5c60e3dbe956be0d78f3fe127d2a396f48fed242b0dc00a4283bb2180e801c927b03c7008aab278aee9fcd8646578b3f3e3aafd3f2ae5248acbc03abcbe22b39a4b6d2ef2145921dbb8ac995656403f84e08c76e3ad7ad42afb6a4e8c97bcb6ff2309c1c65ceb6ea7d2e92aaed53cb1e9e9585e24f15e81e1c8e4baf10ea5696c11372c6d203230cf65ea7f015f397883e3febbaac4b65e17d2fca9c908b70c9e64879fe140319e9eb5e27e23d4352d5b53babfd6ee1a7d41df6ca65387c8e318ed8c6315db430127ad5309d64be13a7f8c3f106e7c7de246b91be2d2e0256d2ddb1f2038c938ea4919fd3b57060d309e696bd58a51564733d4e83c33afdf6973c51c1773456cd2ab491ab70c33cfe95f44926e5606b71b924c15c73c7bff8d7cb30e7771d7b57bdfc2df12a5ce8c61bb7669624dbf293bb1820fe9fcebcccd28de2aaa5b6e75612a72c9c1bdcd8f126bd0e816d3c976eb18c0540a33ce39c8f5f4ff0af12f1378c350d72e839736f0a82aa9131191eadea68f88f7b25df8b2f55a779238d822a93c2600c81f8e6b98cd6f82c2c69454deecc6b4dcd9e81f0c7c4135bebd676f22b4cde683131c9209e08fa6093ed8aec6f9266d4676ba89959c16000233939dd5e35653cd6656eade578a60485643823d6bb8f0aebcd0d8bdcead3cd2469b90316dcdf311c73d7bd3c5619b7ed21b9cf2dac6e6a66fb4fb379a0519f2cece03ae48c74c7f938af3f9b5693fb32581e6b86b8964def9380b8ec2bd367d54eafa49364c9242a9f3ed52bb0678fe55e65e2e8a382f62319e5a305b8c7359e0a5ab84d6a2514b4461c929c9a992ca5934c9aec63cb460a7ea6aa90cdd8d7436016e7454b29c30224dea5073823a9f502bd177e85bd0e608c52559bfb77b5b868e4f4c8f707a5571d6a0b5a8b522f20719a8c53d5c2fb91e9eb4d0319dc8f4a4e8693eb45218e068a414b838cf6a005500739e6949e29878a09a7711ef3ff000914315ce7ed709ba63c44241bb7631835b707883ecf19965c07ff009671e7bf7c7f5cd7ce30caf1c81d490ca720d75fe1fd5efeeeeda3b99048a1771dc391f4af32a65b06ae85ed270d533d5e7f1609a46322a6d63bb0a79ce3b1fceb266d79c67c95381cf2727f3ae5dde42edb703773802a47ba9160319dbb8f2580e715c8f091812f1351e973aeb3f13dd89232669319e00722ad8d46499ced677520e32726bcf239de3cf422b7b47bb6116f3ba3248e41c8c7bd63530ca3aa42f6d3968d9d0e8f3b8bc98de298e34c92e79cfa71ebcd77fa04ada8e932c7716f05d586c08d6b2a06f31719c303c91903b75fa562690d63a9da4100558ee000096c00589edf51fae7a54bac78822f08d8efb99fc840d932200cedea2b867cd3928d35a9ef61611852e6a8d58e9f5bf1559f837c0579aaae996b6ae836c090aaa2c92370a08033ee7d94d7c5f757125d5d4b713b1796572eec7a924e49aecbe2678f6e7c61791c48ad06976e4982027924f566f7ec0761c7ae787afa4c061a74297ef1de4f73cec5558d4a8dc15a23f8614dc1a01c53c60d77ee736c2dba932aaaf52702ba0f0b788a7f0eddcb3c2bbd9948dbb881bb040ce3a8f6ac1b76d9711b7a303fad170f995cf624f144a2a51e596c2d6fa1b1e2578aecdbea02556b9b905a6507f8bd6b101a66695482692d340b589e3f9d36f3b81e07ad6ee8fe5dd58dc58b8c4ac37c79381915cf24a639032e7839e2bafd224875010c8e765cc672b20e38cf423fcf5a273e58dcce68ada56b779a1acf6e10e5976856380a7d7deb0ee6479e42f33b3b1e4963926ba4f1459055b7ba03f76d98f1b86411eb54ec7476bb4599dc47160860a32d91e83de9c650e4f68f4b92a496a66d8dbbdd49b510b2a02481c671daac69f752db5e8b899cc51265738ce474c019adfb689208f65baec4553b98ff00335ca5cdb5ddc3b485848b9383b80cfb8a9855f697b6c34f9996fc571c292dab47389a468f2e47bf23a5622004f2702b405a9915a3cae634dc48f5f4aa6e8c802b291f5aae468d23a2b0c5c669db57af4a601cd39f3da81832ae29bb69326a4419146e1b0ce4500f6a7b0c5331e940c1bd69a69fd453293047ffd9",
        "properties": {}
      }
    ]
  }
]