[
  {
    "version": 2,
    "name": "_image",
    "extent": 4096,
    "features": [
      {
        "raster": "ffd8ffe000104a46494600010100000100010000ffdb00430006040506050406060506070706080a100a0a09090a140e0f0c1017141818171416161a1d251f1a1b231c1616202c20232627292a29191f2d302d283025282928ffdb0043010707070a080a130a0a13281a161a2828282828282828282828282828282828282828282828282828282828282828282828282828282828282828282828282828ffc00011080100010003012200021101031101ffc4001f0000010501010101010100000000000000000102030405060708090a0bffc400b5100002010303020403050504040000017d01020300041105122131410613516107227114328191a1082342b1c11552d1f02433627282090a161718191a25262728292a3435363738393a434445464748494a535455565758595a636465666768696a737475767778797a838485868788898a92939495969798999aa2a3a4a5a6a7a8a9aab2b3b4b5b6b7b8b9bac2c3c4c5c6c7c8c9cad2d3d4d5d6d7d8d9dae1e2e3e4e5e6e7e8e9eaf1f2f3f4f5f6f7f8f9faffc4001f0100030101010101010101010000000000000102030405060708090a0bffc400b51100020102040403040705040400010277000102031104052131061241510761711322328108144291a1b1c109233352f0156272d10a162434e125f11718191a262728292a35363738393a434445464748494a535455565758595a636465666768696a737475767778797a82838485868788898a92939495969798999aa2a3a4a5a6a7a8a9aab2b3b4b5b6b7b8b9bac2c3c4c5c6c7c8c9cad2d3d4d5d6d7d8d9dae2e3e4e5e6e7e8e9eaf2f3f4f5f6f7f8f9faffda000c03010002110311003f00f9833835afe1ed4c585d1320cc52615f1d40ac5ce69e870456bbe8ccdaba3d9b4c8226b19e45d9247260a4847238e9f91ac9bfb578e4dca498cf3923a7b7f9f5a87c3376f3787215699488dca11ce5790547ea6afbccbb994bee8c11853fcbf0af1e7785468e7b3d8cf5b4924b7f31391cf518c56dda58dbea505bd94ae638c1cb904751c60d567bdf3136820328ea0633c53f4ed8cd209810cc06d653921bd4fa83c56729c9aec6b497bdaa3b1b65b4d35924668c08db265079da304e3df18af13f1bf88ae7c41ac4f34cc4421dbcb8fb019ebf5af48bcbf92ee18e15522245f9411c9cf723f315e3b7f0bc3752c722ed656208f4ae8cb6924e5297c474d6abcc9423b22a1eb52451efee07d68dbd3a7347dd38cf4af552ee637108c71d0d02a451bfeb4cc60d3b0839dc314c63926a407009a8a931a014aa79a4a55a43133cd5bd3af1ad66561d339aa9451706ae7a1c735beaba54db81936a6e655c6e158561a94564cd1f97298b8c73820f7ac2b1be9eca759addcabaf435ad1f8843cacf75656d31618395c66a6308a8b83d533174da342f754865b075b7de923fca5471f2d33cb8c69f1885504c21f33e7504b004822b2e6beb29a5dde4342bfdd4c114afe43c6811d9f79cf18057ea6b48538c55a22e52bdbce88afbf3113c32aa678fc4d695bde5bcb1c91caa194f08e13907dea85c476d19db11695c757cf1ff00d7a442d16c922429b4e738ce4d53575629d99b76fa4da5ec1b90ef7eef19c73f4aa973a13c313bc3224a07254f0d8a9741d46dac55d2ea397321199130703e95b1ae5f269f05b4b6e527f3be60c188f97e9d41fad73355a32f775467ccd3b1c825b195f02060a78e3b54524422660ac1941c6474ad6bed97b24934178f89065a20d820fd2b2a326d9da3605a363f3291d6ba56aaed1aa772175e334cdb56dd21784bc470e3f80fa555da766e1d3a52686861e29a4d29073401938c541684a54eb4829f1ae0824d0819ec3a7682345d0ac17c96fb64f025c38e4f2e370cfa6176e3f1aac74db8ddbdd321b93d01fcabb5f016b435ff00090bbfb2c72dc58c2969748df748036a301d46540fc41a174b334058b44581cb60f4e38af9fab5a50ab253dee75fb0e68a94363878f4d94ce029c83f3038cf15a3636cf6cfe6aa3b8dc0a91820f39ebf8574773a14d0da092411ae5bcb29924b7e1d71597771b25adc960c92b29091a7e008a87579b433541a5cc65ac62093cb571b187f1718049af36d7fe7d7aed6d4f9819f0368ce7dab43c57aa5c8bd92d83346a980483cb0c71d3b550f0b24d2ebd642de3f32412038232303a935ec61a93a517524f74735ee6959f8765b7d22eaf75284460a158d1f8209efff00d6ae4fbd7a77c4bbc7b6d3d6cc9e5cf38c60fb8fd7f3af31452c78c7e35786ab2ab0e797534a905095912463a9a68a5240000391de818aea3318dd29b4f614d22a59484a700369229b4e1f70d0818cef413cd2d3690c52734a0f4c5260e334e4033cf14210841cf4ab96503caea91a9676e0015a3a36857fac330b0b66942f56c8551f89e2bd43c0de029747d4c5eeaf346cea8764717cc013dc9ef58d7c5d2c326e4f5edd4da8e16ae21a505a77399b1f87b77756025372914e30cc8e38c13ebeb5da5be8515b69f1d9dd04951001f30041238cf35d6dcc201611f24f43eb5599211005982bb0380ac32306be7eae6b52b75b23d78e4dcaaed5da3c4fc6fa7dc41ac31fb2c91c3b4042178207d2afebba13cbe17b3b95251ede20ccb8eb902bd6ae2ca36b732c7107424020fcc07b63d2b2f5ab295ad4c4573138c314238fa76aed8e6bcfcaadb6e79d3c0ba526a5f23e7d287aa9a40cc7ae4e3a66ba4f11787e5d2a5cab79901e8d8c63eb5cfba90d835ee45a9c54a3b1c1b3b32263c60d4b6f187de0750b9c67ad21500e473f5a7b40c81668c864ea08fe5f5a696a321cd3e3467384524fa0148d8dd95e952c372f0a3a28187ea71c8fa1a17981553ef7b52b1f9f8a46e178a6d46c56e7b07ecf376dfdb3ae69ea9bcdde9cc40cf531bab7e78cd7b3695651aabe42a395c9e70471d2be50f0e6af77a1eab6fa869f27977303654e3208230411dc10483f5afa934fd6ec357d060bbb5fdd99a20f90df8608f6e47af15f3b9dd1929aaab667ad96cd38ba6ccff12de384f2e3452aad8273f91ae0f54d5becab34d3966112861b79c6382003fd7deb76f992dd1f6bef07a9033938e00af2bf1a6ae433d8c6c8c49cc840e9df159e0687b5925d09c75470f76273bafdf2ea1a8c97291f96ad80149ce3029de18d4c695addb5dbef31a361c2f52bdc565ca7205246327e95f4ae09c793a6c794aeb53a0f1b6b71eb5a9f9b6eaeb028c287001ae701c54921e31d6a3029460a9a518ec8a727277600d3852018e4d00f35448fea293146697ad310da5c7ca68a728ca9cd00454019a9542fad057e5c628b0ee45922a44dace33519eb4038391493b0da3e86f02c56d27846ca18c6244895b2482ad9272491ff00ebfcab52d98c721507a7be0f1fe7b570df07f53373a5cfa7b4c1248a4dd182bfc2c3907f11fad764f23412859804c1009dc0f7193faf4af91c6d2946bcd3eba9f61976229ce8c5754bf2274b829bf78cee6cd33093cca3253beecf7fad4b34691db79924a912e7ac9c00bee7b7e74cd31eda59e29ec6eadee0c4c18889c30cfa1ae55069732477fb5a72f75bd4ebb45d1e4895a5997109f95770c863d7f96715cef89e4588cde521d9bc803d07a81dfb577275a8bfb3e1b47b7280b138240032b9cd703afb46225318c11969016cee24e718fcfbd452f88f32b4655dbe656384d5a36beb4b886e22da84ed041fbc72391eddebca75388da5f4b013bb61c6715ecdac4aa96e542e015ddbb0005008eb5e39af4e6e35495b807807f015f5196d4934e3d0f98af4d42562b2f229119977282403d450838a403935eb9ce31ba9c74a45ea29e3041a6af5a9191939a28a2a4b1c8d822bbcd03c773e95a2259456eacd1e761c80bdf9231c9e6b82c719a327d6a2a528555cb515d0e13941de0eccec357f1dea5a84450a5bc44f568d306b932e6472ce4b313924f5269107ca69b4e9d28535682b1329393bc9dc243934b11c1a675a915703356b7b89ed606e4f148063ad3b803a5358d310d63401494ab5250b4e5a6d3d383cd3448878a33c529e69314c06d19a7114da431a7ad2a9001c8a314605219d1f83f5f8b43bdf3a48d981e0ed35afa8fc44bab99e631da40236fba5b2587be4719fc2b84345632a14e72e792bb348d49c55a2cbf7daadddf4cd2ddcf24aedd4bb134ed3b529ac6ea3b8b595a296360c083e959b4b5af4e5b6867d6fd4f6bf0b78d23d435111c920b732aec8541e840ee39e49271db802ba2bf9b7ae2561226d38e4e41f53f535f3c5a5ccb6b3c7342c55d18329f422ba987c5b7b2daf94e88c3f8994b06c7b73c7d6bcac4658a7352a5a1df4f30a908f2cf53a3f1a6af1a5a3b4123f988c141038ce3a67dbd2bcbd999dcb13927924d5fd4ee649405fbb137cc101e959fdb8aefc3d0f610e538aa547525ccc9227f5a931824f63558706ac2364d754599b44b6f089a511860a5b804f03351bc66372ac30470454b126e71d703a90338ad5f11bc3f232a219a54560c0f6c7523d4d4ca5669137d4e79be6a4e052e39a52010282c6139a2971cd21a431771a4ea6929ebea680d8722f14f233d299bb14a1cd56848a4629869fbf9cd358e4f4a18119e29569719a963419e692436c8f14a2a678b68c918cf4a888c53b58570a334945002d21a296801b8a4a7e2908a4034f3498a76292818d231453b1452b05c6e2a7b394c3306ed51e38a45e185160b97353b917971e60508028181ec2a8e7d2a57008cad4468b5b44082acd94325c5c2450a96773802ab015a1a5dcb59ceb34614b29ce08c8346bd0246fdd5a43a1582f9b287bf9e3c84d990993ebeb5cdb9dedb9d8b37a9356350bc9efee9a7b96dce78fa0f4aaa573de9c22d2bcb7208c8c537a9a7e41a6934ca0c52629375286cd2188473484d2b9a6526343969fb4d317ad3f763a5342634e4503de94b7ad2311fc340099e6a557c706a1a72f4a13068bb25d497091a4ae59635da83d054122fa5311b69a959b764f73577b93b101a4a731f5a603cd4143a969b4b408766933499a2980b499a292900a2969b9a506818ec714dc714b4e1cd310c1494b8e68a400054d1636d427d2a58d805eb4e20c90f1503c87240a5926ecbf9d4344a5d8231ee389a69a28a9b9420a5068a290c09cd145140051451400514514005390e29b4a0531324dc3d39a7a8e2a1ef5287e2a93ee4b1b22771518e0d58078a84f5a1a04c4a28a2900514514005211cd2d140c6d2834b4639a41716941a6d2d310e3cd276a01a777a6031ba532a52b4d2b49a1a6328a306940a561dc3071d292a5278c533193458571b453f68c537145877128a29c8b93400da29587cdc0a5514582e2629306af69f633ea17b05a59c4d2dccee238d17ab313802bd94fecdbe303a41bb5b8d31ae8297fb28958b1c0e81b6edc9fae3de9b5615cf0d03d696b6bc49e18d67c357496fae69d71652b8ca0917861ec7a1fc2b200a2c171b8a5a76da4c7b53b0850dc734dab767a75ddeb6db4b69a76c8188a32c727a0e3e86bd4745f803e32d574eb2bd55b0b68ae543edb89591e352320b8dbc7d3af34304791819a77979aefe5f847e3487587d3bfb0ae9dd580fb420cc2c3fbcafd08fd6be85d5be01784e5b3b4fb3c7750bc4816568989798050090338de7191db268d02cd9f1c95c1a315f437c59f80d2e8da6c9aaf8552e6f035cb13631a1668a16fba0724b15e87ff00ac6bcf7c03f0cb50f13788aeb47bc8ef74dba802972f6f911e59721f732edf95b70ee70700d095f60d763cef6d262bd0bc7bf0b7c49e10d565b69ec2e2f2d01fdd5e5bc4592407a74ce0fb1a8fe1e7c36d47c7506a474ab8863b9b2284c1302be629241dae7e5c8c74245160381c51835edfe3ff008177da14de1fb5d01aeb54bbbedc972de5e238586de723a2fcc793fddfc2a927c02f1a36af25a2da40d6b1c88a6ebcd50ac8dd5d41209c0edc52d0353c771462bbff001bfc2df11f8535d8b4d96ca5bdf3f1e44d6913ba49ec38ebed5c3c903c72346ea55d4ed2a46083e94ec1720a7034ef2c8a4c5160149a4cfad006690d002951d453714b9a33400da551cd7d0bad7ecc5ad412c8da3eb56373167e41708d1363df1b856e7867f6648937bf88b5b129c0db1da44405e39c96233cf4ff002295d0eccf97d8734dc57db7e0df817e0fd165ba9e481f53694e217ba21fca5da3a2e319ce4e483dbe95923f673f0e5c4a9717b24f14ccb1b49042c360703e701805ca93e88bf41d00da04ae7c758ab1656d35ccbb2de192590f45452c7f215efb37ecefa84fe2ebe5b36316836d770c43cc24cb22308cbb2960aa540739209c6d61cb0c57d19e13f06e8be1bd1e2b6d334dd3e398c4b1cf2c106c129fe238259b079e0b37d4f73992d41a67c449f0bbc692436b327873502973831931e383dd81fbbf8e2bd1bc25fb377883510926b97b6fa6c648cc6bfbd7c7d471f9135f5ecc0bc4fe5901f1c6464648a86d63f2208e2dccfb142ee6ea703bd473f62944e4fc31f0d7c33e13481b45d2e15b95410bdcb73232f7249ef9eb8ff003b1b58a3822db18c22a851cf4a14fcb83467b54bd4a460f8bfc29a678af45b8d3b55843452a14de00de84ff0012920e0fbd78d6abfb3268f25a28d2b5bbd86eb3cb4e8b2211f41b4e7f1afa13d8536495225dd21217bb63814d49ad84d267c51f14fe0f5ef80ec6c5e29ee75696e19cbbdbdab08e145c7de3cf273edd0d798d8da4d7f7b05a59c4d2dccf22c51c6a396627000fc6bf48fce8e7b6f3571244c323b835c969ff000d7c2963e297f10db68d6a9a91e55c29db1bf7755ced0dee067f1c9ad154ee43876395f80ff0c2f3c05a66a0dabde453dddf346c62872522d81bb9ea4eeea00e9debd68a851d3afe340ebc74a731f9ba715937765a56107038eb4a46547d68cd296ce78e290c68ef4df2a3dccc234dcf8dc42f271d327bfe34ef6a51e9400d74575c300cbe8466a2b7b686d9365bc49126776d4000cfaf1531a3ad000caac30c037d4503e51c74c6297a8e9d293bd000003c91d2b0ae3c23e1db8d452f65d0b4d7bc122cbe79b64de1c746ce339f7adea45ee68d80f937e27fc03d6a2f124b71e0fb75bbd3ae4bcbe59754301ebb793c839e3fc9af28f16f80fc47e13489f5ed2e5b68a52424990ea48ed95271f8d7e84f7a8aeed60bd81e0bc8639e0718649064115a2a8d6e4381f9a4460d0715f70fc44f82de19f1458402d238b459e152ab25ac11a87ce00dfc02718c0c103e639078c7cd3e39f83be20f0d597f69da18758d1593cd4bdb36dc0c78cee239e31ce41231cd5a9264b4d1e6349de9e45308a00fd30de4000217ff006b2304d2b79e0a9558c1e7396cfd2a4c051c0a0671cd6268456cb2c681a67df231cb6380be800febcd586603961c81d69bd3e947d68029b5d4eee765ac851002a58e0b1f4ab80e383d4e4d118da588e3341eb431244303399a7ddf7430da3d062a5ef470a78ef4809a18d6804e0f14e149efeb4b80290216a394e2363ce4038c1c1a73ee2842101bb67a552ba8ee1a1c799b4e41254903af41df1f5a69036496c5c4112775c0248c671e95648ef9e6abd844f0da451cac59d41c92724f24ff005a980f9cd0f7043c7028ce683494862819e694d1da83d78a004c6293bd2d14001e9476a434b40074fc6968038a28003d29051db9a05002d078149450047721dedd91594161fc433fe7b551bfb786eecae2def6259adae6331cb1b701c118619f704d5bbb6090316708318dc7a2e7a1fa66a290801dee1b65b463cc2ec428031939ed818ce4fd6a9099f12fc7af075a784bc5f18d2a230e9d7d089e28b0d888f464c9ebcf38edb8579a631f5aeebe3178affe12ef1e6a17b05cbcfa7c4e60b42dc0f2d4fde03b64e4fe2335c4119add2326f53f4bb1eb4bd28fe745731b09ce69693bd079a000f341e94a062908cd002633cd281467147539a00318a5e9d681cd0450014d61b8608c8a51d79a33cd02023a7e5498c1a775a050310d1d451ef466801075ef4b9a075a5c60d002519a33ce28a004cd293c714738a314002934b498c525003bad06928a0028ef41a43d38e3eb40886ed0cb0ba2e0938f7c73dc57cadf1d3c6de238f48b9f0eeaf147612cb78eb12da4d91259ae71b8ab1cee27041c7dde457d3f7b7b05bdca5b3b491c93a9c49b3e5f7e4f19e6be4df8b1a1de789fcdd52c2c8dbdd595c4b6f7566c08791c125a54cfdf0c558f03f0ce49da9a22478ad157f5ed22fb40d5ee34cd5a0f22f60204911604a920119c7b11542b4333f4bbbd2134134b8e2b94e8128e73474a5c8a0043d39a40734a79e28db4001ed4518a5ed408293ad039a5c503108a3ad29f7a4e94007b518cf149d79a774e70280107bd21f6a56048a518ef40083834a7a52014a4f14008477a3bd1450014a2928068101a40294f5a2800a28a3140c28c7140a6cb22c6bba460abef408e4fc771eaa6eb459b4b7648a0b80f38daac8e33b429cf4e4939c7f4a8b423a36ada989add6dfeda8cf23f046e739569139c9ce1806f43ef5d4dc40b700c2eb1c96edc9ddc9ce41c1f6a8ecb4ab4b29236b44f2762ecda8000c318008f6ed8c7e5569d90ada9c65e7c21f07ea1032eaf612ea376ea03dedcdc48d3be0b104be724e1b19392405c93818f11f8c9f0293c3da5dbea3e0d8f51be065d93db1c4ac8a7a32e003d78c73d7dabeaf3c52139e0d253681c531df4a33476a0d494251c5039a4a0075277a419a5cd0019a00cd140a005c62919b071eb4a4e69a466801fc6290d20e292801463149d4d14e036f5eb400a05277c52331cd20c9eb400e3cf4a3a52e4014dc8340075a3bd28028c62800c5000c64d1ce79a434080f5a09e693346298314d140049a752189591e20ba9e081043034ab236c7dafb4a03fc59ebc75c807b56b0e4fbd55d4768b76668c3b2e0a8f7c8c7bfe14d6e2e843a3cb3490bf9ec8c0bfeef6e7715c0e5bb67e95a1dea0b1896382305712ed05f9ce09cff00f5ea6279a6f7d010ec669a3de954d2f7e4548c418e7347ae29b9cd2834ec3b0a05068cf1499a2c2b0a47e546001c75a4cf5a33ed458760a5a4a09a2c2b0a78a728c8f6a88b52ab1c628b0ec388a5c0eb4d27d45217c0a2c161f40ebc544189a7a9e28b058523e6cd2f41499e6968b05843c9a00346681c9a2c161475a28ef46690585349d68a09a0561a451de9dda8a6d8582834518a4020e41e48cf7a63200140e1472727af6e4d498a648ed1955c6431c74cfeb4058ad0cb27da1d0946811b686de493c1273ee318c55b201ac79a7116a4d0c8d1b47383b411b48da077ef8fa7a7a55fb7918c6bbc8dc46703b03d39fa537dc48b38c1cd2f5a8f7d37cccd218b91da9c29a00079229e3029942f6a40334b47418a006f7a29c7a518e6801052914a053bbd3023c52eda7e38a5028019838a6b2f15362908a00854629d4a4518a004a4a5a29000a28a0734001340e941a2800a3348dd2917ad16b92c7f4a0d2819a08a4034d2d18a3bd002a8f5aa1ad895ac985aee131380ca013efd78fd6b43ad2346aca43e48208fc28039736e63bf4ba4b48cdd4b036e04658b61401bba741d73eb8ab7a4c530bfd4659f7264a478230acaa33b973cf39233c7dd157593fd2776d0a22c2c6a5b01ba76fc001f8d67f882e4b449656ea24bd940611a9c1600a8623db93d48cf356b5d096ada9b0082010720f20d262a09992d65c6c1b36e19d724e46028c7be6ac630707b1c54b403997bd28cfad2d2815455c551c52ff3a29474a9b0ee211cd1ede947ad039a760169e0714df6a72f434810014a053b1cd28140c4c531c7cd52d44f9ce6802314b41eb48681099a052502818528a4a514c414638a3a9a0f1c516010d20a4a72f34d08907141a0d1da934000714114a33476a2c037e9452f7a3b516033755b05bd31493dddc430c2c1cac526c5383ceee3a74f4acbd2269d2692f268600938ca2c4a4bb46a484cb1e07cbd877c7bd74aca0c6c58e0019ce338f7ae74c855ca34643b13b86402476e9c0cf5c7bfd69c7b12dd86cf3b1bed3e192612cf29cbc25bf873f23103fda5c7279c1ad2d26476d1ed6798e328198753924f1f9d606937b14b1457d6d0a473eab1aaa48251fdccaa853c9200623a77ad0ba8f507b4b5168acd0850bc90485c601393c939c93db1dea9ae825dcfffd9",
        "properties": {}
      }
    ]
  }
]