[
  {
    "version": 2,
    "name": "custom_layer_name",
    "extent": 4096,
    "features": [
      {
        "raster": "ffd8ffe000104a46494600010100000100010000ffdb00430006040506050406060506070706080a100a0a09090a140e0f0c1017141818171416161a1d251f1a1b231c1616202c20232627292a29191f2d302d283025282928ffdb0043010707070a080a130a0a13281a161a2828282828282828282828282828282828282828282828282828282828282828282828282828282828282828282828282828ffc00011080100010003012200021101031101ffc4001f0000010501010101010100000000000000000102030405060708090a0bffc400b5100002010303020403050504040000017d01020300041105122131410613516107227114328191a1082342b1c11552d1f02433627282090a161718191a25262728292a3435363738393a434445464748494a535455565758595a636465666768696a737475767778797a838485868788898a92939495969798999aa2a3a4a5a6a7a8a9aab2b3b4b5b6b7b8b9bac2c3c4c5c6c7c8c9cad2d3d4d5d6d7d8d9dae1e2e3e4e5e6e7e8e9eaf1f2f3f4f5f6f7f8f9faffc4001f0100030101010101010101010000000000000102030405060708090a0bffc400b51100020102040403040705040400010277000102031104052131061241510761711322328108144291a1b1c109233352f0156272d10a162434e125f11718191a262728292a35363738393a434445464748494a535455565758595a636465666768696a737475767778797a82838485868788898a92939495969798999aa2a3a4a5a6a7a8a9aab2b3b4b5b6b7b8b9bac2c3c4c5c6c7c8c9cad2d3d4d5d6d7d8d9dae2e3e4e5e6e7e8e9eaf2f3f4f5f6f7f8f9faffda000c03010002110311003f00f99e8a6938a6eeae8b98d87d14d073413400b9a506994038a2e3b12d25341a70a7b9228a5157f46d26f358bc16ba7c0669b69723200551c9624f000f535db49f0baf8e9af7165a9595ddc428249ede2593312e0725b6edc738ce7143928eec373ce4e69369abfa8e9f73a74e22bc88c6e5770e41047a822aef85f41b9f10ea6b696cf1c4bd5e590fca83d78e4fd053d37031029cd2918afa07c1df0b34682d6f2e359b0d4f5248b9134400461bb076a86cf071c9e3f4cd0f1efc2f863d2d24d174a9a0bb91b7c4ad3a92e8464294049df8e7e983df159bab08bb363b36784487269a0558bcb596d67921b8468e58d8ab230c1523b557ce05363418a434bd69082290c052d20a5c1a601453821346c228b0ae368a795a6e2801292971450312929692900f41cd4869b1f4a5aa5b12c652af5a08a00e690c1bad369ec29a450020341a28a0005380cd20a7a2d0903154568e91691dcdd2fda9a48ed10833491aee2ab9ea077a86d6cae6e9666b682495615df21452762fa9f6af50f849a6f873539755d3353d552ce2bb80c51cb3b6c064206d047a673cfd29ca5caae24aecf57f86de13d322b4dda3dd69d6df641ba57bb51e73c4e32cb27518ca8c1edc92315d578bbc4d6034b95b46d3a2759c932cd3afcbd410a8a3ef64aa9e78e9c1cd78ff0084bc317f1f884787af754d423b337263ba82050aeca7e5562dfc43822ba7f8e1f10747f0ff0085c7847c24f0b4f8d92ca06e64078621bb371827f2ae252955568b34b726ace6b46d3a0f89be26bb7974c736ba79df3246b8695e4272e76f000207ca3dfe95de683f0f6e74db57874bb258cc92923ca88e555c6012c707803f339f4aee7e05c0b2f81f45bfb3b25b0b07b529140e77480073f316c0cee396cf7c8af4caa8a6b45a20b27b9ce5ee832ae9f77f619992eae00698055fdeb05c64f18dc4753debc5fc51a46afa65ec62e66364b33131a00184400183bcff0011279206d03a66be8cae77c6da043af695b5e3df3db9f322193f31eea7eb59d6a4a5ef257669076d0f94f55f83f73a978675af12c97cf04d02bdc0fb410639d413d2438c1206471dc7ad78532e1ebdcbf681f16ea0f709e19f39e28226f32e6147fddb375518031c7a0e9c0ed5e2328ce2bb69ddc13673bd188aa00cd2302dd29f083232a0c649c0c9c57a5693f0c27b79e5ff0084b6e86936826fb20986d709315dc858921421c1f9b3dbdc55e823cc84673cd3c28aeafe20e83a4f86bc512699a56ae357b78914c93c4a1407239504120e38e6b97a690360a32c154649e00ab5796325bcb2c6fcc917de0067ebc8e383c55bfed485459b41671c52c077964032cfc61b38e800fbbebcf3935735bf14dd5fc734102ac104c5bcd3b419650cc1b0ee00cf2a3a0038e9408e7319a368a728c9edf8d069804b6b2c71ef78dd53714c95c0dc3a8fad5622bdd459dbf88be01c76da6c505b9d15deea7ba9464dc49b773a06c7076b0e3bede38071e1f2a152720823b1acd3e62b6213d69314e3498a0a2451f2d14a80914ed9c55589b91f5a5a08c502900a6958718a5d9cd0dc1f6aa110b800f149413924d15050e41935d1e89a2492431ea3788574c59023bf1963e807523d6b02152c4000924e0015db695ac35b5fc71789ac65fb288c44b0aa0854f1804f6e0739a526e2b404aef505d5e1d2fc477f7da525bb5a61556328caaebea14119c11dff009d1a6f88ce93a959eb7a658c31dc5bdc3ae278b745229e406e319193f8629dad6b9a324569fd951ccf7312f9721907c8c9fdc073d07ae3b569e85afe94fac473dd5ecd6ba63cf6e2eac5edfcc475f2995a6c723729c00719e73ed59b7a5ecc69799e99f062e2e46b50f88bc41a7318a659ae1aed6191b3956f948f63ce30401835c4e83adf87fc5ff172f2f754f0e5ecb6b3e3ecd6ba6805a3d9d58a606ec8073d08ce6acbdce8b63a0ddde45f14b579f5282067d3ed234900071f71b24819c91c631d7dabc7ecafa7b1bf86f6da4db730c825472036181c8241e0fe3452a7a37dc252d51fa4ba0cd05c68d6335a5b496b6ef023470491f96d1ae0614af620718ad0af8abe1b7c73f145978c6c4f88f5792f748b89522b94990111a9e37ae00208ebefe86bed45390082083e944a3ca54657169ae70a7240f7a7554d4cdb7d91c5e322c5d7e76da320e47eb8a928f81be30dc4b75e38be96e1e5790b104c8437424704751c63f0ae1253c5745e3df213c59aa7d995122f3df0a8c19473d8f707afe35ccbb126ba13f7518db51c87041af67b9f1edf5cf80215d5aeeda5b7d5ee21b3b8852352d1c16e9b5b0392a4ee43ce0e7918af165a9d1895032703b5095c1935d2451dccc96f2f9d0ab90926ddbbd41e0e3b67d2a2a28ab2428c12401c93da9f0c6f34a9144a5a4760aaa3a927802bd235cbdd13e1fdcc1a77876d60d47c4b678375ac5c12e904f8e5608feefc87a3b0272323b50d81e698209041047041a51c9c53a695e69a496676795d8b3331c9627924d59d32c24d42e3ca8d9540196663d07f5a52928abb1a4dbb2174ad4aeb4e9f7db4b2aa37cb2468e40917bab7a83d2b4fc6d7779aa6b0da95fd959d9c972a1bcbb48f620fc3d7d6b7ac3c3967691c52dc866e4b067fe21ea0569dfdcda98417850228fbcc32c7d87e75c32c6479d72a37f60d2d59e56c9e948b1fad4f310d33945da0b1c2fa73d29a012703ad7759185c403141e2ba0822d11fc38ed29b95d455c60a212b8e7393d3fbb8fa1ac8be8228255105c2ce84677018c7b1a98cf99dac0d58aa4034c2306a4a42335761124a86291918a92a7076b023f314d085c8500927a015a9ae68975a4dc324a8ed0e372c9b48054f427d2b53c26b60b0bc8edbae4e0307c0da3fd9f5ac6a5651873ad4b8c2f2b3394b9b39adce258d933d3231510535e984d8ef6577de98f98050723f1acab8b2d2ee670c96ad1e0fdd53f29c7638f5ae78e2d3f891a3a76d99c9d818e3bb81a7cf942452f8193b73cd7abe9b3e97e28bab8d3279249ec9361531fcb9723ae5b0060fca3fa8ae312dad40c3c0a632c0900608fa56ac5158584f25d691023b98423433a248a4e4138dfca9c0ea3d6b3ab52156cd5d3e83a7745df11f872d341d02686188dc3fda22959b39729b4e50119c60e791d7f411ea9e26786d755bdf0def4b6bfb486ceecca80146da7705c6067a723b9351cbaaeb176d26d58e162b81117c83ee0fafb6314b65605348166e8918910b4aa0ef0ef9f958fe19e9ede99a51a9eeaf68eeee0d6bee9da5f69da2a4f7674d974616f1585a3583dcdb8604aa8dea432f52d9241e5b7579d7c42f0a49a74edaa69cab36973ed667862d890c8c32c817270b9ce0f4c545768da66937204d31613010fef7909d30477c8aeabc21e2196e34cfec79eea092c0c6cae5d3210c89820b63240c0247232bc7ad69072a7795ee85269d95b53c950d7df5f03fc6f078cfc1b0317dda858a24173c6371dbc301ee07e60d7c37e25d02ff00c39ab4b63a946a244381246dba39060105587046083f8d7d27fb1eceee35c59e762c6183cb88001422b38cf0739cfb574d4b349911d19f4ae2bc8bf682bc44d1a0b517525accf8d8fbb0aec5b010e390490003d0679af57bcba86ced65b8b9916286252eeee70000324fe55f1e7c62f8db65e2eb596c748d06dd4e0c4350bb55924099e7cb523e5cfa9e476c1acd45cb445b958f0dba69249e46998b48589624e493df35015c548735139e6ba199214119a957915104cd755a169915be9c750bc8b76e60b0a48386ff00687b0a894d415d85ae73ed148a81d91c29e848e2995d65d4e2e632b315f200fb9dab1751d3d2178de09018a421704f2a7fad453c4467a3d01c6c4fe139160d5c5c6e513c31bc902b7f14a07cbf91e7f0aca6324f392db9e691b9cf25989fe79ad4b3d18cd1ee99fca1c81c72dcf5c76ad6b6d12d8a2a6f26453b967e9b31ebd88a996261193d46a0da1fff0008dc0c614deb1b0b70642dddb3dbf51f9568d8c1059c02258621220c175032ddc1f5e94c123b1c860eeb1fcd81c71fcbbd24b2223a3e0658e1813c138e09af3a75273d1b3a528c75259af0eff9dd9cf4eb9c54fe46e8927999411cac78c9fc7b67ebdaa45bb4554952351327cd9ea38f6e9ef5496e2697cccf0ac493c64f3ffebacb96c6bce88e5b0d3ee9922f2a30cad9564c29273dce39ac9f12693235ec2b6b1abbc9b892806323b1c715af8d80ece4e339ab10391012092dc609fcff00cfe1574eb4e0f9afb133845ab3464e8161f67b4905ccaebe61e5170411ef59da8e8127db02698ad2c6c33862063f13d4575177bbecb1b2282589c90b8e9d79f5e9545aea64545182aa3038e47e35ac3135149cbb984a115a1c5dcc12db4ad14e851c7506988a5d82af527032715da259dadf4f9bb88193030c18ff002ad38fc31a63db882e7cbf3046489233824ff0fb67d78ed5d6b1d0ea895464f54718faf5f4ba59b09662d164618fde0b8fbbf4ad6d29ae24d3a291e3b658f6796a5171237bf4e95c82386ebd6b7f41d5a783fd196059d083b474d9ea73fe35a56a5cd0b4110a4d3d4e86cb4b9ae2212c922c51312506c2ef2019dccaa3960bdf91d462993c2fa7ba99a02f14c82589cab20913b3ae79c76acad63c5171088a1d36e8ac488c10a8dad1b31f98a91d3381cf5c7a66b4f43f89178d6dfd99e25b68354d25db795f2d22955fb30902e7b739ce466b9d619dae5731604705e5948d0c22396300ba97383f9fafa5644312c459a30304e4e4f2726b5356d36080c1716f74cd613a992da4fbc76ff7580e8ca4e0f3efdc5664619620e5485e0838e0fd0d73cbddd07cc5f866dcacf962a3b6727e94d9355fb3c2eee404c7dde6a84ac8bf32b127392bd0d41a9dbb5ddaaf96c37a7214ff0017ff005eaa118b92bec5b9b48ada85edadfd82feea44bd12312c0820a9c6d5ebce307e95afa3ea31db5afd8efac85a4127cd1ca410246dbd093eb9ce7fa5725246e9218dd4ab83820d75a08bdd1bc8cfcac8a5410095c77fd0d76d6e58a49ec6517777ea61788ef7ed1769045753dc595aaf956de77544ea471ee4f35f437ec75af892e754d1ae2e9774717996f0328c91bb2db4f5ea7247d0f6af9e35fd3e2b35b66b77deaf18ddece3afe159b617d75a75d2dc58dc4d6d3ae40922728c01183c8f6ad34947412d1dcf70fda97c757ba8f8eae741b1bdb98f4cb08d619a0076a4929e589c751ca8e7d0d787c12b4722c8bf7948238ef4fd5350bad5b52b8bebf99a6bbb890cb2c8dd5989c9355c9ed56b4427a9d06a9acd8dd69896d6da72c3364169770e7b9e319ce4f5cf4e31deb0194939a00c0cd5c86d1a4b296e432ed8c80c3bf349251560bb64ba3e9575a93badac4ceb18dd230e8a3eb5afabdcec31c2bc32a886319e171c66a868fa84f6d6d776b6e9b8dc05279c602e49a2f9fcc92dd631ba6620827a8f418ac2aa729a4f6045b8c08d511cf9847527bd36ced638dbcc56de5b903d3ffaf52fd959406b9dfbc8076b71820f6c5583090a70bc8e82b8a53b5d27b8730df39c9cb703a5588a60cbb38e8738eac79c5442d1d955ce79cf6cd16d13e4e14100e38acb40e62ec73a2a900053ebebf5aaf70e1b27b8e453dd672470ff004a468c8cfca727b7a5256357252422cc48e0f18c6054c93b21c8c9f6aa6b1b22f5e3a6714e8cc8ff00220cb673f4aa6ae67ccfa170cb962081cf5c54f0384411b61d339eb826ab35b3aa024e1870727bd3763edf94838a8e57d0ae76b7372d2392e21592281a58d0e5948cedea064f5c7154eea1592e8b45f2ab0c9c8c0e9ce6b0753d6a4b42b05b101d7efe7b7b7d6b3e5d6afaf62fb2657f7a40ca8c1fa67d2ba61859c95c1cd33b32f046823b77594904a903391d38fc6a9ea974d630b335c2c57182c818f5f4c62b99d4de5d1adededede5c4d226e95c751c9c28f403f99ac3b8b896794bcb233b7a935a430a9bbb7a0d54696843bd14f1b8fe94f6ba94a9456d887aaaf43f5aaf45765c561d9f5a78351d2ad09833a7f0edd41730cb617b2a44ac3cc8a57c90ae303071d88efdbad6f5a5bc2cc9048fb655970417cab839191e8471eb5c0db92258f1c1dc39af5fd3b4092fb46d3e4b78d47cfbb70525ce49c8181db8e2b871ad42cfb8e9d373ba450bcf0fc6b197e412bc0c9233fceb06fe17b37456182c0e3078eb5ea2d6973268f6f34f80d36586e3f311bb00fd08c1ae1f58b4f30946ce5723835e751aaef690ea53e4d51813c71dddaed6da24eaa71df3df8a985c088363214671838c5034e742c5582287c12c49e31c63eb515d3c7676e59c16638efd7f0aeebded15a98f395e7bb82e116266de1b80a17a67fc2b9b9d0ab1e0823b1ab7757a9e779b0868e43c921bf95569ae4cd9918e5cf526bbe94395587abd480362827bd3072727ad498f96ad142a3e5b06ba5d36f2cddd22923648443b1940ff58c7d71cd72a7afbd75be13d135992582fac6032db970ad8239f6e7af4359d594547de62716f62fe97a12db1134db8bbe4c6390421f5f7ab7169b631c8f298c6fdd956273cfaf26997badda4376609cbc8c8f82aa080a3b9fc39ab161783cf78644dcee4b447390ca070ca4f07dc579d375a4b9d8ac2490b16395ca9cfcdd7e952c3665fcb4452ce381c739aababdfcba7436d1dac2d2b48fb89d840c0eaa3f1cfd2ac786b5b693512b7303c6e1cb0046001d874e6a3d8d474fda25a02e54d731b96fe1ebb745c8249ec47e3f4fc2af69fe139e3b305c7cdd5beb5d7fc39d5edf57f14dee8b7d22401504967134601981eb863d082738fad7a63e93651e9d728df3057c36405c803ef03e8723afa1ae1a8eac15e5a1dd4e14a5b23c2a3d1521db0cea9e713c30e95ce6ada6cff6d1696d1486524601c1c739e3d7f0af5fd46e34e8ee1d618de620150aabb8e4e00c1f4cfe7468ba638ba992ff0049bab98e4f95484da809e548ef9fc41a985597c4554a507eea3c7eefc2fa85adc06bab775126e61b57ee91f53dfdff000ac910345323b7c80b10aa324b1fa7602be929f413a85a4769a8db4ad0a9254efcb0c8c673d73f5cd5397c11a41b71e78680a70b24e141f7ff003c557d6dc7e2427854fe13c12f6c2e6dedd67911846c01dc7dfa551990c681892371c119af46f11d8da25d9b49efe3923b621888db25b39c003d47bd79dea1a95a5acf2cac366e0c23c7273dbffd75d14272a9b238eb4395d9181ac5adbc41f62b09b1b8f3ee2b2eca6f22ea2949e11831fc2a6925fb5acf34b2aa0e8bbb926b2e47cf0bf77f9d7b904e30b4884ae4d7d78f7774f2b13cf0a3d07a544aebc673515142d0bb01a29460d1b7d28b0c4a5a4a5a0055621811dabe88f83dad43ace93259417063d4edd4cf1c18fe2c61997b1190a707a64d7cec3ad69e83a89d33518e7fdef97f764589f6332fb1ec7201fc2b1c45055e36ea5d3a9ece573e978f458e4bf37705bb8821b736ef14d114da7192571c1c9ebfe71c078a123875011a0da18f5c71ef5d07c38f1cbea97b7565757a03cc4be507c81fb155278073d3b72315e69f1175a953c4924368d88e31d0a82771ea33dc578f430951d5707d0e8c4ce12a6b97a972e254f2c9326c8872c7a7f9ff00ebd70daedf7daaf9da372d18f9578c71572c2e2e2ed6e209ccb223af18c9dad9e0d65eab66f637b2c2e55b6b10194e41fc6bd8a386f64aef73cf8db9ac543ef452669cbc9ad8d472a8ea69cedc74a8d9a933557b0ac2819af69f86fa6f89f56f0cfd9b4ad32ce35642ab7172e50321fe2c63939e878e95ca7c1bf0149e3ef13fd89de4874eb74f3aee74032abd154678dcc7819f73dabecdf0e78774fd061b4d3ec630a218963c9624e1470327ad79798d7508a8257674e1e176e4d9f3ab7ecefaac5a6cd7835649a5489d9a18a03b890a4851cf24f4af1e44d534ed5ad6d56caee2bb8d862d591b7b13fec919e7e95f7e992e50f96b11724939240c01d481ff00d7a88e93a7dc6a967a8deda594b776d9f22e1e30658db1d15fae305b3f5ae7c3e653578d6572aa61d6f13e23f0f78c468772566d322b8c4bbc8989ca64fcc39c9fea0d7d11e07f0945e24f0a596b970b6f6571731998429186006e3b771ebd31f81af50d6fc3fa2ea91497375a569cf748095967b58dce7b6491cf6e3bd733f0cfc593eb505c58ea10c76fac69d235bde42830885781b571c291c8ed8e2a7135215a3cf4e3eba8528b8bb3392d3fc113db78decb59b4befb37d8e3689ace48cb2e181ced20f439079e3815daea4f70d6c21ba06547dcac50e4e00ee318cfe154bc5b61e29d3bc5716a5a1daff6b6937a82396cda610fd91c0fbeac78dadc120827238ae224f8d7a469170fa66b5a7eaf657c9b5268a684651b1c93f3648c1cf4aca585a955249dec5c6a4217d2c6958c96d61ae456f736f2a9772229a4dad9c1ceccfbe3f4aee24d74ada8fb346884019f976807d00fd2b95d73fb0f56d2a0943ace67412096363b707a60671eff00fd7ae6a69afacece622f16f2dd72ca67255faff7875fc7df9ac54afee6cd0dbe5f79ad0dcf1778d235b4220927b4bc419578f0c1883c820f1cfbd727abfc401ab58436c36acec9b2425303703d55403c938f6ae4afa69eefcc89ede18e267da642a49461c9da7af20f43db151dc5b889618f7aca910560768e071f9d747d5e2edcceece59e29ef02a78dadcae8bf6b88cef751312cf1be38e859b239f6ef5e7fa808efc5bcab2a232441666627683d8fd7d6ba9f14ebad145750c53279b221491436783c1c8e99e83d6bcea59770da0f1dfdebd8c2c3961a9cf773772dea4f6e96d1416ae64e4b3be3009f6ef59b4e3ca7d2995bb2d2b0e3c1c5000f5a4a0503173ed46483c5253860f068108496393d68a28c5030a7034da70a684cbda56a571a65d0b8b460af8c723a8ad9935bb0d46fa29f50b42930182e8dc1fa8ef5cd0a50b938149d35277ea4bd558dad66d901fb743721e395b08173daa8996e2e2298f91e70382cec092bf8d36d6695710c6a24dc78465ddcfb0af43b2921b1b0822955436ce6241dcf5cfe3eb5156afb18aea46c798bc7f26e0bb4fa5317ad77fa8c516a36ede74504410e1446bb49cd72fa9e8ef6f0b5c4219a0560ac4ff0939c7f23f952a75a33f26529a7a18edc1a54c67e6e94bec7a505456b62cf70fd997c436de1fb9d7a5bcb8d914c90a08b04ee2198eefc0647fc0abe8fd3fc77a6de8062440c780e4e2be08d3efa6b0ba59eddb0ca7a763ec6bb2b4f88535b42a8b0312393f3e066bc9c6e06a55a8ea537b9ac2b3868d5d1f6bc1af5a48f084ba8ca8cb36c6049ff00668bbd73426612ace8278c98d78c11ebf8735f1d787fe20dd4b73e5bc656466fdded3900fa9cf7ad9b8f11decf932ccc08cfcc1793f8d70cf055e9ae5959dcb78a8a7b58fabae75db48ac04a24017195ddd5f8ec0f735e437daa47a578edbc55a4ccf1e9d322c7ab42e7850b909281d38c63db3f5af34d37c433cecb15c4b230196e5b245779a398746b337b7d788fa6842649382093d9b3c719e8783584154c3cbded6fd0de8ce388764ad6ea58f1dfed1565696be5784ac9af65278b9b94290af1d875620fd057cbdac6a977ac6a973a86a3334f7770e649246ee4ff0021ed5d7fc5ff001b0f176b56f1d9b1fecbd3e3f2adc6c09bc9fbcf80063381dba015c1f0df5afa4c35350826959b38eabbc9eb73d4be0c6b0a2eee34bbc98ac5328688b1fba572481e99ac4f1f78c2f757d467b48dda1b18646408af9df83d49efed5c8d8dd4d632a5c5b48d1cc87e565ea2997571f69b8694a8567e4e3b9ee7f1a161e0aababd589d46e2a1d0eefc21e211f614d32f9df6a3995646236a8db83bbbf4a5f1d011c51dd595cbbdbb47b70dd0eeea57f2c5729a0aacd73b032ee236956e8c0f079ec6ad5f5a5ec9702c373c890ffab52780a79cd57b18fb4e78bb1cef7d4cbb1845cc92abe73b0eced96ed5464429232302194e0835bb776cfa7adbbc5be49b25b2bc0c8c7e3c5665fee96e5e7318457390074adb492ba2e2caaa71d7a536a4078e4520018f4c52b16340a3760629c41069ad40060d291c66a49b03a77a8bb50d5816a14a0719a542a3a8cd38e0fdd18a2c1723c1a70a5a514ec2b874a031072090690d1401a1a05dc569ac5b4d725c46adc95c120e383cf5c1ed5d7dc23453946196f5f5f71ec7a8af3ec126bd23e1f6a307886e2dbc3d7f6abf6978cc76d76a4e46dcb61867d33cfb0c835cb898b6b9bb07b3e7765b9588930b88f3bb38f7ad0d3ad1ee77acbc64edd98fbdf855cbcb4363a94b6cfb6531b9438185071c11efed57d22486318014e7820e064f5cd7933aafa0a14d735a4737e26f0be9f6da235e92b0c8177029c027b2907fa579c66bb3f1fde1905adb072026e6283a7a027df835c657af86e7f669cddd9a4b96feeec39052375a54a4635d04f526b3b992dae12588e194e457a82cd05e6996ce136ee8c1041efc93f875f7af29419615eed16836779a669f3e96ecd6d2401e25098c0000393dce4303ee0d716366a314df70f64ea3d3a187691c11cc14012c720dae1f80c3d3db278accf89faa492da5ada5a964b22c59947019801f981daba9fec6360f992374603cc19f4c1c633c579e7887518f54be834f86375449b6ee192dcf04015cd845ed2aa96f61da54e3cbdce4c0c1058714edb8c11d2b6bc5f6b6da7ea49616809f2102bb37566ea7358dd80f4af5a2d495d09a6b718fda9a3ad2b0e685eff4a0058a468a40e84860739adf1aca5c9864924fb3dca0dacdb370615ce9a500922814a29ee74125ef9af23192294edd80af1f88aa90cb240db728ca38381906b43c2de14d4359bc87cab7956d5d807b82b84519e4e4f5af5cd3fc1fa6e945c4118f31a30aef23121bf0ae6af8ea387f765bf637a381ab595e0b43caa3b7d3ae34d33c823478d46fd99cae4e071deb12e62489f03054938901073f957a9de7819211aa4af234cb72859142fdc39c8391db38af2abeb29ac6e1a1b8468e453820d6987af4eadfd9bb984a8ce93b4caf2a6d6ec78ce4542724f4a9d14eece3701d47b5226dddf39207b56ed5c572194e5cd36948c1a2a0a4029c31da9b45301e0d385301ed4e0698828a0d0298086bbaf82bfbbf1dc1700e0c104ae0633bb2bb71ff008f75ae16bbef83b6eb278899c921bcb6008edc66b9f152e5a527e46b47e34753ac069757ba91a404c9293b73d724f5fa715c978ab52b9b48d625b82b21ec9c605741e2cbb8744ba904b26e9d836c8f1939ec4fa738af2cd46f66bdb969677dee7a9af3f0541c9aa92d88a89a9b4472bbcce59d8b31ea58e6a2231499a7039af5b716c2a8e29a4734fed48781c53b08693818af7cf81dae5a5d68474db9da2eb4f2f246adc078dce783ea1b3f98af02abda4eab79a4ced358ccf0c8ca50b2f5c1ae5c5e1feb149d337a157d94d4cf67f885af1b481e7326d95b844c86f9bb578b25e4e9a92dda36275904a1b1fc59ce714ba8ea379a84c25beb99277ec5db38aa8b92d9a30986587872eec55aafb59b913ea3752dedf4d7370dba6958b31c639355c714f6e39ef51f535d36b6c65b8fea280b926851cd29a621bb38a4538233c8a520d34714867d07e16be8aefc33a5dcc6bb5562113301c02bc107d3a56a960d3476ef246c491f2161b88cfa6726be7db5f10ea96960b676b76f0c018b6d4e324fafad67add4eb3097cc6f301ddbb3ce7d735e2cf28e79ca4e56b9ee52ce654e0a1c97b1f5a789a3b5b6d26386ca557555cbb9e08271c0fcebc0be25c51c6d6cfbb74e4e0b7723aff5ab9a07c416362f6fab87965049571ce7d88ae37c4faabeada934ce0280301474a30182ab87abef6cbf138f1988a75d26b7287606a323e614e89b2307ad5a5815ad249490ac8475fe206bddf33ccd8a4ef9e000299451517b96b40a29c16976e45160b8c039a916900c53a9a1311a9b9a5634c3431a1e0d7a87c1eb07324f7c40310cc5b4f193807afa1e9d6bcb075aedfc27af5c45a0dd6931dcf92afbdd72c1304ae09049f6031d4e6b0c445ce9b8a2e9c9424a4cc5f13df4ba8eb57f773471c72cb2b1291905579e808e0fd7bd60f43cd5e2caa594e09e9d7a540c467b56fca924974324db776419a51d6a529bf90471f8546719c52b58ab8f1d2908c1a453520c1155b888f19c9ef4da95b1ebc53720d2b05c60e4d4aa540c544dd78a72631cd086c73608e29a8a58d21c75cd08483c5004ac850f34dcd4a5cc832e496f535031c1a6f4250eeb484500d2e690c611460d293429a062a128eac0f2296e1da4959dce598e49f5a319a691eb45844968a8d3a79a488f3f31039c55dd4278e59b16f1ecb74e2353d71ea7dcd518880df4a25933c29a6acb513d591ed34a01a7800504d2b0ee1da909a42691ba50004d37268a290c3345145030a721c5340cd491a6e6000a10986327d69429af41d6bc0b37863c01a56bfab5a4c6e755919208d9b6a451edcabb01c966192070063273d2bcfe53f371d6aac48631d78a6be3691de985893cd252b8ec2f028dc6928a4302734539971d29a462800a28032714b8e714ac312807078aded0bc23adebb617d7ba569f2cf6964864b89b215235032492c40e00cd65de58dcd85d496d7b6f2dbdc4670f1ca85594fb834ec2b91237f7a9245e7229769adef0ef83fc43e25dff00d87a45ddeaa0cb3c69f28e71f78f155d09ea73b923ad1c9af4df087c18f1678912f98597f67fd959548be578f7924e76f0738c73f8564df7c31f155af889347fec9b97b892431c720899637209190ec00c7ca793c11ce7041a561dce1f068aea23f0378925f100d11347bbfed4259440531b8a824e09e0f03ae79ad3b9f851e3287519ac9742bb9e689d636685772ee2bbb83dfaf27a0345877386069fd6b4759d0753d16ea4b6d52c6e2da58dcc6448840dc3b03d0f51d3d6b3f691da9937237539a6e2a6c9a438a4d0ee34f5a29f28e6a3a6c10734638a29c149ce074a431a05295ae93c11e0dd5bc65ac0d37448564b831b4a4bb6d50abd793f515abe22f865e2cf0fced1de68b772aaf064b7432a838ce32b9edcfd39a7625b3852b4043e95d2783ec2d2f7c5fa4586ac937d926bb8e29d23c2b952c01032460f6afac75dfd9ebc1ba8c20582dc6992e492d0b961db8c3138e9fad2765b8d36cf8b8464d7a97c2cf84dabf8cec1b55b1be86ce0866088e49f33702092076c0c907b918ec71b1ae7c01f1269de28d3f4d827b49ec6fa731457664098c2b39054f25b62336173c03e95ef1f07be1dea7f0fae757b192eed6ef47b9db2c1288b64c1c12087fef0da78e78f419343925b0926f7386fdae035a783fc2d6485da149d86ee80ed8828cfb9c9fa735f2abf535f5e7ed7a211e06d237b66717ea139ede5beeffd97f3af924a834e3aa07a32b114da999314eb7b69ae66586da292595b384452c4e064f0293434c86289e691638919e46380aa324fe15d6e87f0dbc5dad4b6e963e1fd476ce40596581a38c03cee2cc00c7bd7d2df01be10697a6f852c758d7ed1a5d62f156e76b964302ee0c8bc608e00241ebb88391c57b7dadbc56d6d15b5ac51c3044a1238e340aa8a0600007000e381f4a9e648ab1f0f587c09f1f5cea1f666d212000f334b71184c7ae4124fe02ba193f66af17fd8e0963bad31a67277c7e6901076e71cfe55f619538da59ff038a746a2340899000fad2e70b1f1d781ff00676f10ead75707c4320d22d607d8bf289249baf2a32303dcf5cf4af5bd0ff672f07e9b7c25bd6bdd49000424f2855cfd14027d7ad7b4a29524ee6249e84f03e9488a1176839c127f339a4e4c122be99a75969702c3a75a436d081811c4815471e82b0fc51e03f0bf89a5336bba3db5ccc13679a548703d88e6ba614c9dd96362a99c293d7149319f3df8a7f66fb1bfd7e0b9f0fea4b63a5c8ea66b6742c63400676364e49c67e6f5fc2bdcfc31a069de19d0edb4ad1adc41676e36a28e4f2492493c9249249ad088158d4118240c83daa5a6e4d82490a02807fa50bc7e3476a4a91885177eedabbba6714e239ed494b4015ee6cedae828b9822940391bd41c578c78aff675f0dead2de5ce957375a75d4ee5d5410d1213db6e338fc6bdbbbd14d36b613499f0e7c43f82be27f079927487fb4f4d45de6e6d97ee8c64ee4ea31ebc8af2d22bf49f516b754985cb449198cf98d2b00aa9c924e7a01cf3d2bf3dfc673d85ef8b357b9d1a15874e96ea468117a04dc718f407ae3b66b58b6c86ac6332e6a33131385e49ed5f4278ebf674d4b4eb989bc292ddeab6d20398cac2af09007de679101079c60718e7b13adf0b3e00ded97882def7c651a35b245e7451412826395594812107af5fbbb87ca724719bd1ab93669d8e27e0e7c0fbef174b35df88c5de97a6c2c9843115927c827e5247006067bf22beaed1bc1fe1bd2ac16df4cd174f821d8108102ee603a6e6c65bf1279cd6f93d430ebfa5290074ac1cae6a915ecac6cec2354b4b682dd40da0451aa0c7a600a96ee086eeda5b6b98a39a0990a49148a19645230411d0839ef52633452b81cadcfc3cf08dc6e32787f4f0ccb1a868e2f2ca08f1b3615c14c6d1f771d2ba8550a001d29d9cd078c628bb616178c8cd31d4ee20103f95314c9e7c818031f0579fcf8f623f5a97f5a0670df16be1ce9ff1174786daea692d6f2d8b3dadc2f3b19800432f707033df8e0d7c5fe37f05eb5e0dd5a7b2d66d24458df6a5caa1f2a51d8ab639c8edd477afd091cd60f8dbc29a678cb446d275a8cc96eee2405490518670411d0f26aa33b6e44a373f3bcd7d09fb317c37d49bc470f8af57b492dac2da36369bdb6b4b230db9db8e57696eb8e71d6bbdf0d7ecebe1bd1b5482f6f6eeef51681c3ac329558c90723700391d38cd7b600000aa30076f4aa94eeb414616dc318ce09e78a503d2814a062b2340a4a3e941a003f9d1c51ce68fad002f6e290d039a0d00140340e7ad18fca800038a281d28a0031474a33477a0028a28240193c0a00f16fda58de5d78512d749178d7723bc4f1c1bc2c89852c8c3a3123900f3d71debe3f9e192de79219d1a39a3628e8c3054838208afd0f6d21bfb65ef6de4458e67479d181632151b46d3fc3800608f7ac2f1cfc32f0d78b74d9adeeb4fb7b6ba650a977044ab2478e9838e7fc335aa9a4ac66e373b61ce7239e942e33c76a4de3269370193eb591a126320d339ce3a502400f7a378273400eed8a31eb4ddc280e01e050039b819a17e6c126982419c6324d2a8e73e94c7614c6acea4e7238fa8f4a7bf0d8279a4eb43b80d9348420ce79a38dc09ebe94d6900e7f1a6452895dc0040519ce38a007c8e55b27383da98158bb1e76f6e7ad47136e7766e57240fa0a9c3a8229ec20030783934ea6f9800cf6e99a4de290c9292901cd2e450160ce68ef499140a760b0a7fd9a09cd20619a0b01d68b0ec2819ebd28cf38148ad9a70c520b01c7e3498a3f9d2d1615829b9a71eb498a0000cd57d42332d94a8aee848e193af1cf1f9559a6b8c2e48e942022b4431dac6ac72428fc3daa6eb8aa567361e443b880e4658e707a800fd31c55bf300fc69b120c71cd35978acc8354796f27850094a36c08bd43038604f4e39eb57ac2f21beb613db3878892323daaac03f6d38631d29c718e6a3738048e942421739ce281c1e6913934d72db8055079e72718a2c31c3ad4e838a6a2738f4a94e225cb1c01de958ab91e48e94de4d3c8e69ad9c516132aea0fe540ec49c2a963819e00c9e3f0a2d95bc8576c06750703a0ef4bb1d998b03b4fa9efdc7d2a65e80516122351c8f7a738c73438c74a553b873d68b0c0282bf5a8f904015274048a68ce68b012af5ea29d4d0b93c53c0a2c3b8dc5380e28c734f51cd21dc6eda0a715305a4931b69dc0836e38a314a69b482e28a29075a5f7ed4c04279c53b14c1c9a97da86891b4cb9845c5b490b1215d4a920e0e0d4ddba5369580c39e08ed98ce4bb4a8e4c5167ef923038eb9ea73e95a4ae19d9320b2f5c0aa5aac71c37514c06c6c1662bc64f0013ebc0c73db3505948eb1c97304525c87505020c000edc753cf001cfd6aad7449ffd9",
        "properties": {}
      }
    ]
  }
]