[
  {
    "version": 2,
    "name": "_image",
    "extent": 4096,
    "features": [
      {
        "raster": "ffd8ffe000104a46494600010100000100010000ffdb00430006040506050406060506070706080a100a0a09090a140e0f0c1017141818171416161a1d251f1a1b231c1616202c20232627292a29191f2d302d283025282928ffdb0043010707070a080a130a0a13281a161a2828282828282828282828282828282828282828282828282828282828282828282828282828282828282828282828282828ffc00011080100010003012200021101031101ffc4001f0000010501010101010100000000000000000102030405060708090a0bffc400b5100002010303020403050504040000017d01020300041105122131410613516107227114328191a1082342b1c11552d1f02433627282090a161718191a25262728292a3435363738393a434445464748494a535455565758595a636465666768696a737475767778797a838485868788898a92939495969798999aa2a3a4a5a6a7a8a9aab2b3b4b5b6b7b8b9bac2c3c4c5c6c7c8c9cad2d3d4d5d6d7d8d9dae1e2e3e4e5e6e7e8e9eaf1f2f3f4f5f6f7f8f9faffc4001f0100030101010101010101010000000000000102030405060708090a0bffc400b51100020102040403040705040400010277000102031104052131061241510761711322328108144291a1b1c109233352f0156272d10a162434e125f11718191a262728292a35363738393a434445464748494a535455565758595a636465666768696a737475767778797a82838485868788898a92939495969798999aa2a3a4a5a6a7a8a9aab2b3b4b5b6b7b8b9bac2c3c4c5c6c7c8c9cad2d3d4d5d6d7d8d9dae2e3e4e5e6e7e8e9eaf2f3f4f5f6f7f8f9faffda000c03010002110311003f00f99c519a4cd2e78ae93103452529c628108681451da90c28cd1450004d1484d19a005069d4c069c0d30168a3345020c52529a4a0029451450028a5cd369714c033485a971498cd201a4e68a7eda4db4582e36956976d382d160b89494f229a7814c043c0a849e69ee738a654b290940a5a5000eb4863e90f1452127bd31067279a526994b9a403b3e9467f3a6834ab400bf5a3348d4940051451400b9e69734da2801c0e6941a677a7d310a39a5a4029c0531094e02940c5761e0bf01ea1e28b59ef849159e950388e4bb9bee87232140ea49a7b6e238f0296bdff00c3fa5782b41d3f4fb7baf0f8d6eee65cdc4f33ba329f65e80633dfb545e2ef863a4dde9bfdb1a4e997fa5d9cee24472e244546036f071d79efdbdeb3f6f04ec572b3c171462ba2d6bc2979a6d9cb781e39ad11b696070c0670091ffebae76b44d3d5121451d4e2bd37e1af83f4eba68eef5b437a5d4490d9c2ff00794673b8f183c7033f5a1bb01e7fa4e957dabdec769a6dacb737121c2a46b926bd5b4af80dae5c5aa4b7975124a705e080091d013819e4753fcabbc8b43bbd5f50bb87c32b059c714664f2d1443248067036939ce00e01c7be4d765e21b6f12c1a1c12d95d41776ad6b23bcc54465e318720e0020f27e5f5ac6556cae8695d9e1175f05f538e56b689ee85ea9198e4b7c2ae471960c7f4af3df17786751f0bead269fabc3e5cebe9d0d7d670e817975a7ff6a6a7ac94d626950db35b380aa0907cc3952e71ce78e3f3af32f187807fb79268b4d925b9d4448656b99a4f3495009ea3b67dbdeb158a4a494dee5723dd1f3d3fa5308eb5b3af68975a1ea32596a1185990f553953f4359320c1aeadd5d093e83568ce4fb521e283c1e290c79a6d38f4a6d0c10868a0d14000a507149466801c69b4668a0029474a4a05002d14a3ad2e2801169ea33480669ea2a9213628152c10c93cc91411b492b9daa8a3258fa0151815d5f86e5bbf0c3db6bb0476b705ff77192039b773d0943df00e33c1a6dd893acf869e07b24d74a78f2136d6d2c256159091873c65b1f771d79fa57a9782acb4dd0525f086a2a66b65977c7228df0dc0671924601edb41f634dd37c450b41629e2496dbec258cc969f31cb39cf9785e7183939e06075c0af5ab78fc1d63a65c4f19b692d12244b978c89942a0e0bb283d3824fae2b963579f565b858b8de16b76d520bb8e1b64816cfecc4633ea01f7e0f5273c0ae4fe20b6836d6969a6cb7525c2d82a85d36027f7ac48cb391d30b938279cf3555bc63a9ea369347a6cc52de71e5dab18c2c8f1118de5792ae7a83d08e71d2b84d66d0594b22d9db4f35ecec72eea6595db192072303039c600ee6b9ab6212f760aecd230befb167c551687a83de6a7736df60d300cbdbf054201dc74c9fe600af16f0dfc3ed43c56f797fa722dbe96923152dcb05cf4c67ae08ea6a2f195feab7f3ad9b5e3ddf920c935bc0acc90053c6e3df1dfb0cd7d3ba5f84efe3b2b2d46d6c63486ead61134568554630086e99efe878fa5387b5a30e6ddbfb909f2cddb64785f873c05a6697e31806a738bcb086511ce8d16ec074f95b1dce4f4c7515df59470e956971696908b569258dec8db8119b7b918e0e78d87af3e9835e82be18c4536a074c9a4d4279d25dd32ef5e300e41e8b81d3009ddd6afbf81efee755593cd48ed1661956c302832ca403dc13e99e4f6ad15593b2fbc970d19a375a43eb2f61ab1b55835ab2f2c90c998cba939dac3ef29dcc3fef9ce08a6f8cb539a6b6bab77d3678e15b71e6b49b46d5638c839c76edf88e2bbab78fca8238f8f9540e0607159fe21d1e2d62c24824da24da446ec81b612319c1ee32714ab45ce364cd29da2eecf0bf14ea3ff0008fdec09335c9bd98030d9c318925c1fbb855391c7d2b9e97c506277b8b6d335537cbca4725bf9441f76e87f1af5b97c071e8f34ba8dacb235fe1a66bc924f9cbe001920676a8dc42807a81ef5e5d1e20bab9b6beb9990de49b5a7955da4752c37601e0123279391d4f18ae1787a707692375cf2574cf1ff008849afeb9aa497fa8dbedd8a156304165183d7df835c3dcdb4b0b6d9e2922623203a953fad7d4be15f06c9a8ebda86aba3c1e6c4d2ff00a224ec76e23c04918f4209c9c0ec3e95d8fc7ef0f68179f0ee797c473db5aea96d0192dee91026f9547dc1ea189fbbfe15eb529c79545238da6db67c3ac3b50bcafd2a5957bd44bc1ad5ab30b8f229952114c6143121290d3b14d3486145145001451450014b8a414e1400014f029053d4552426c502968ad8b8f0ceb16fa143accd6132e9929012e31f292699252b1b479ef2de120a094820b7031ebcd7b8788fc2da96a1f0e44b2fd84c31dc044920fbcd8518738e307383dc1ea3a57917fc24534cfa57da228dbec4a62071f790f63f857d3bf0ebe217842d7495f0e5cc96f2c13026448e3778c066202331fbc471f300073d38ae7ae9b69f634a67806837d3e97ac5b0bcd31aeded033ee822129701b6ee656ea01cf07a9c66bb8b0d67c69f106d7ec50c72ad94ade537cc91a85527e558c003773d48c66b47c65a33785fc4d7179b2d9ad2d9097f2d88f320918104371b8af5c1eb9aecfe12c377a4f8b3ced39631657d0ef9c4ceca91904e6418e18b01d3dab89574e56b1b3a76573d1fe1df83d740b14b9d4a59a7be553b84cdb842dd0ed200c8c018e3e9d6bcbbf683f1ae99a369b73a768e211abdcca184d01e029ceecfbe704fa923d315d47c4cf8b5a7e8905d5ac5757505f5b9cacb0daf98aed8f947ce3182783c8f6af91bc61e207f12eb2f7ef6e96e5970510e72dd598f03924935d94e9a7b2d0c6523e9ef83de0f3e0df0dc97578b149ad5e949a633a83f2156063dddc7cdc8f5e7b57b3f853eca9a2dbdbd846b0dbdba089615e91e00e07b7a73debc1bf64fd3750d5749d62ff5cfb45d69c5a3b7b43712b30ca64b0507b0ca8cfe15f46db411db42b14281507402b2e5a919be67745ae56ae913514515a0c28a28a004232083d2bc43c67e1592cbc405e4959ede6cb44f924c7d8827d4e7d6bdc2b27c49a67f6ae952dba6df37864ddd322b0c452f691d3734a73e5670b6da83d90926d1adec91847f64b41757422fba067e5208c64f20741d3bd7cb3f1a3c7faaf8cfc42f0df18e1b6b26312c16f3b490b3a920b8ec7be0e3a57aa7c6e923f0868c2182dedb52bbd46292de4674252d4e325e31d37727271c71d2be66aeac346d04dee734dfbcec079155c8f9aac1e950b75ada44a1d4d232714e34d1d6818f0b814d7e9c53f34da1888cae0669b5239f96a3a96520a28a280014e519a4a923142063956afe8f62b7f7d1452ce96d0160249dc12a83d78ea7d055bf0be8736bfa9ada4322c2806e926704ac63a64e39249c0007526badd5ad1fc0da9c36fa6cd73730b44b35e128006c670548ce072719a1ce29f22dc5caed7e86478eb44d23488ec7fb1a5be943261e6b98bcb133739641d80e3afad755f0f75cd3d7428ad75ed737c3b8c71594a1b6c273f7c9e98c76e39c5729f103c4a3c537b15c5a593db59db208c0ebc9ee48ee4826b2afa5b484da5d69be5ef6882cb132e42be3938350e0ea43965a31df96574759ff0008ae9b7badeafa6c65e1bac24b65b4160e0f5c01d477fa5741f05b5fd0bc3fa86a565e29b6b06fb345379724d9f99b18c018e4f18cf079af39d1b50d6ae75eb56b192f2e2fc8102470bb091d3a6c18e718e38a66b02dff00b5a38aef4c9b4bd80acf192c5cb64fcd86e47618f6f7a9706fdd93b8d492d51ea3aceb5a778d7c657b2dcea19d336c69145bf697c28c741c90001f5af6ff00823a341126b41ae26bc489840ad7037285e4900f7fc315f3dfc30f07dfeb1a59b8b0d2a4fed4b7996ead6e0a12b2460e082076cf1f8d7baf806e753f05e89a92cfa2cb78cb1bdd5d0865552ac3270031c9f941f7fcf8e3692ac9266eafc976701fb4fe9fa168765696f616d243a9dd30323a4e5048a0924bc78c1e71839e31c7be7fc3cf823ab4f6b61a9dc5ba3b5e44b2c4f36d30c48cb9cb0e4938231c75fcebc6fc61aaddeafe21bfb9bb59e2dd3c852da676636e0b13b067a6338af60f811aafc40fb0edf0c5c477ba742fe4adbdddcae223c31c459dc5707b63f435db521ee593b18425adda3eaff0e68b67e1fd16db4dd3a158ade1180ab9e4939279f524d6a572df0daf35ebef0a5bcbe2b8e38f54deeae51360600f076f6fc3d2ba9a8340a28a2800a28a2800a8e67291b3280481c0271cfd6a4a82e668e20825380ec1467d7b5007c9ff00b46788352babed4ada7b6b68ad2d2e4c50c912e2472e98258f7e011f8d7cf75edbf1a52e6db50d63eccd61359c370ed2090e66dce4a8c8e84f3907b578956f4649c74319269ea1daa1638353678a81fad5c84879a402a4c0a5c5160b8d23029a3ad3d8530f0334302390f38a6d04e4d15050514528a00551935328c5449d6ad410bcf32450aee91c85551dcfa552133b9b3d7b4787c3f6f65a5412c1a918f63bbe023bb70cc4f5e07afe15d17873c35378dac27b99ee8095f0a9b0e36a64800004e1782718cd79dddf85b58b582295ecde449300795f3e09e80e2b4b4af12eaba7cf0e9da85f5c595bdb3e4aac237ab0040047e3d79c571d48369ca84b5fbcd62ecd2a8b43a4d03c2b7b77a46aba084113aca5bcd2a76c9b7a1cf723d3b73eb58d6b636b697d3681a898bcfb6b80f1cdc2071c6e058f438e4678f5a9a6f88f7f6eab6fa7a45240ae5cc9711e5e43effad721aa6ab75aa48ef78eaecd234a4ed00e5b19e7d381574e35657e7d13264e0b6d4f43f155aff64e93a4eafa532ff69c174025c5b2f0fb4365b2383f7573f535d17853544f889e20d5adbc45a2db7f6e4768b25a489ba229b48254eedc17ef020907bf5cd7977fc257a93c1a44372b0cd67a64ab245094c2b118c862392085e6bd022f8a66cbc747c4e7409edad2fac96da48c1c0765607cc56239c74c7eb594a95451b6ef5d7f4294e37b946cfe24f8ef43ba974ab342a4efb758560cb1f70500c91c1c8e3bd6ca78bfe28f82ac67d4b58d3ae2dad6f616b749a7b608b1b123f78428ceee70377073df15d568df1dfc330c51cda8e9f7af711cae6344854ed5e80e777523ae3e9cd65fc4ff008f563e2df87d79a25a585dc17d74e11e460a13cb0d9f5272401c76f5ad69734be2858995ba33c0afaea7bebc9eeeee5696e677692491bab313924fe35b9f0fbc4517863c5167a95ddbcb756b1b7ef618a66899d7d320fe87835cdd2138aea7a991f45ddfed3dab04816c745b24daf972ecd864cf000cf071debdafe11fc58d23e225b3c50afd8b5785774b66edb8ede3e753fc439fa8af828364576bf083c6337823c7167aa4682481b305c4678dd1b63383d88c023e950e09ad0a52699fa114536360e8aca72a4020fad3ab0360a28a2800accd56c3ed52c52b3b048be6d8bdc8e7ea7e95a759fa96a36b6d1949e5d9bc1507a0cfa67a6693b5b503e19f8cfa3c5a4788bccb6927962bd4f30b4a002086e9c139c0c726bceabd1fe2e5ddb7fc2433cfa75ec5730dc29cc580701bf8b038078f624f3815e6b236056f49fb9766325ad8477a8b393cd079a4aa6ee348b5455ed5edad2d6eb658dd8ba8b1cb85239fc6a8d5a77572029ae9ba9d52430cb312228d9c8eb81d2876ea0526183495b93e8776aaaca824c8c9d87907d2b25e120f2307deb34d4be165dfb90e29c06697611d69c169d82e228ad6f0f5b1bad62d62c3637ee6dbd7039359a16aee95a84da5deadcdbedde0608619041ea28927cad477126afa9ec715d8b2885cccc63862f9cb004e0f03fa8ac8f10f842fbc4e45edbc4a97cecb1ac601c91939691ba02003d3a62b9ef12f8c6df51fecf86ceccf936f20964599fe5988ec40e71d7bd7a8f8725bcb8b7197b1b433ae22ff004856209eea7232dec33c578ae1530a9544b5676f346ade3d0f27d07c157775afdad96a84da4125d1b3926003f9726d257be08246383eb5a5e36d1adef3c776da3e956b6563325bac6c158a45348149c8cf20b70003ce4d7a76b11c496f671349249e44f1dc46c176c8aea49e847d7391debcb7e294467d521d46d619823a65a4c7039e3e95d586c54abcf5d3430ab4941686ff00c44d2dd7c19a6ddc5a64364cebfe928a9f748c631d7f135b9e34f889676ff0e1344b6c7f6a3dbc70a8f28ed48ce4330cf1f740e9ebed5c443e2fd4b5bf0ed8f84258a36b99e616ed7370c7214b2ece73c1ea093db1deb0fc73622d3508a412b3ee5f2cab1cedd985033e98c53850f7946aee9b681cfdd6e27a7eb5e12b0f0cfc31f0fda0d2a29359d75d3ed3773c219e2057795466fb876ed031fed1eb552f74bf05e8a9a6de5fe86f36981becd72be792e770cf98194e7782a78c01ce2baef1cf886cfc67e01d2cc7a6de5adcc32c5340b3ec092009824306c118271d08207bd50d7f5bf0e5fe836914b6935bdddb304408814950b8249e84e33ee4f23ad60ebcd495df577358c138bd0f25f893a2e9b61a9417de1bb5d4e0d06fa312db7db61284724101b2430c827aff002ae31abe95d4a587c53e0cb7f0d810fd8c3e219e50239227e769233b49e719c038cf1c9af13f1e7842efc2babc96d20926b6c068ee0a615c7e048eb919cf38c8af46955551799cd3838339653835346c564561d8e6a0c73522f4ad910cfd03f835e2787c4de05d3e55706eed635b7b84ee195400c393c11820fd6bbaaf8b3e07fc459fc3dafe9d6d22adbe93314b699cc7904923e624606476ce71935f698ae669adcd53ec140a5c514144538631304fbd8e2be67f8a1aceb7fda10432cef6d7003ba6176a49824847e9bb1db60fcf9afa33c405c68f78d148d13ac65848a70531ce7f0ebf857cd9e3df105aead3e9fa36aa905c4faa5badca6a42dd9081c91f2b72a41e72bc75ace7b6a0b73e76d73519b53d4a6bab9118918e0ec181596dc9abdac5ab586a97966ec59a099e22c7bed2467f4aa4466bb5249591875b91e293152ede339a692052b0ee587468dca3a9560704118229b5e97e27f0dbea16526a060f2a50a5fcc5000600771d87a7f8579fdee9f756210dd40d1ac9ca31e8df435146bc6aaf31ce0e232d2cee2edc0b785dc670580e07d4f6aefed34a8ad61091a228c0dc477fad71da16af369d218c1cdb48c0c8b8ce3b66bac5d4918a342ed27cbdb0067dbd7f1ae2c6ba8ddba1b50e55abdc7c96e41e090073f4a3ec29763c992dc4a4f52c39c0e49cf6a7cfaac413e466ddd36b20247e22a3975276850aa2c6c7aede3757245496b735728156ff00c2769e4036efb59b2c0eec91ec41ede958b1786a5fb798a59556dd5779940e4fb007bfb56a1ba95b219db0dc900f53eb52c371232b4721ddf2b72dc91c5742af522b4662d41991fd956d0ce4297718ff009683ee9fa77fad4b269115cb47e532e56264009ea71f29cfd4fe953a9380bdbaf4f6f5a0c8f1caae9c3678f6a3db54bdee4a8a1d7fe079e3d352e6ce75965507ce89fe5edd54f7fc715d078793424d2acacf54f0f5c5bdf4e0c5f6896dcbac8e39dcac5860918e0715506b8ed10b672bbd9bccc28c9ce3ff00ae7ad54d4c3ea168b6ff006a911236dc1548233ffd6feb42ab39ae5a9f79ab8c56b13aad675a82cad95c5c08bca652898f9b38e3683dc6073d6b2a6f12c52d8c8e5a267c1df0cff2b1e7278f5209ae71349fb1b24f04d29914e1c93d41e0e0f635726d26cefd419032480eddca403fad44614a9b4db7ea29394909e14d14dcdc36a6d791437b04e935bc7c4b923e6c328391db19ab9e24986b7a78b8789a046dd214382c08cfa7f5c1e69fa669b6fa7d95c794dbc4840264009e9ea06719abb0aa430a46ab198d060a11904f73eff8d693afcd3e68eb61420edcace3b4e7d52c352b7d367965891c0da9c380adce541e39ad8f1049a868f716f14b243345749c2ed0bcfa30edd473e9dead4f0abeb02ede4428b1ec8d4e418f04f03d4735cff8c255fb7dbbc536e91472bd718e87fcfa56f16aacd5d74d49778459dafc37f16ff62dddbcf711437d6e11e392097e65951b2ac08e7071839c7a7bd75babdf691e22f096b70132db5ada27da2de39d83950303cb2c304a8ec3fad78e41ab59c3a35a5ad9da31d44b93349d3712df28047e15e8de15d4adf4eb8537f0472c3b54b2a36e5009ced3f502b3ac9d27ccb61539737bb23c5240031c1c8f5a16bd7be287c37b4866b5d4bc172fdbecafd5a65862520a7cd82a1792307b1e9c735e4382ac558608e08aee84d4d5d19c935a33abd0b5f8ac3488ed6d22956fda6c316daf0c88d9cee4618c8f9707b63e95fa07a1c92cba3d8bdc0c4cd0465f391f36d19fd6bf3dbc24a17cd9a395167475d8a5371ce090476ea2bf40bc2976fa878734cbc9a48e5967b68a4778feeb3141923f1cd6326b99c5171bee6bd14551d5754b3d2ec2eaeefae238a0b589a69598fdd503249a4591eb56d6ba8e9d35a5e31104ca558a9e40e86be58f8e87c07e16b73a5695a741aaeb92aee6bb92e6432db91c7cc5480381c2631ed5e75e37f8a5e22f11ea7a8187509ecb4c9e76923b5b7628141e39239c9ea79c649ae01b2cc49249f535b469db73272b88ec5d8924927924d369d8a42315a12349f96a3eb52374a8aa58d1dff873c66d6db2d3514cdb33317b8c969067a67b115078db59134874fb49219ad0057122a8cf4e83d2b91a9237540c1a3470c3a9ce47d2b3587829f3a43f68dab33a8d06ef495d2cc734314571cac8cee49907b0c7f5ab45e016ac2c510468768651df3d8d62786f4e82ede492ec6615c20192393d4e47a0adb960822711da47e5c18dc493924f4fc38ed5c3888c54da4ddcd232762ab3aefcb65db3fe79a566dcdb883b7d3d3d8568e8da44daa4efe5911c1191e63852e541ce3e51c9e86b6924b14927baf0fe9e27b2b7db1f95a8059249c91f36517f3e3a7ae6b3485a1cab0050374078c679ad348219763a4c11c80037503b73572e349bcd4b476d6f4fd32286c23f9266866dea1c60648249427838fc4573cebf2eec9009ed4dab0cde874559e22c9709f2e49c10781f4acdbeb2303a47214657018143d47f4351594ef6b2a9604c6f8f607dc7e35b5ab2457168650eab32287f2c7539ea71e98c7eb49c6db0ee9a38f6b36170e4fca3040119c6476ff26b46003185238edda9176bf38ce3b52ed448e328fb9c9231b79e3fc9a6e6e5a312d352e2c8de6156e431fcaa5898e7a0e0e3dbf0acfb77577d8ebb5339cf73f855c94ba5b6d85943907048048352d74358cba9335c796c00919d40dccbd87d7b559fb5a1fbb8c360f07358993952460f3d6ab6a3a82db425506257521769c6df7aa8439a5640e492b9b9a7da45aa6aa2c2e6e1b11dbcd70258d32c182fc9c03ea7fc8ae335ab1b8b1bc2b74065c6e561d187b54ba06bb7ba16a0b7b62ebe70cfdf1b8138207e59cfd40a7de5e5c5dc02d12f9aea371f6a97cd50bb640a4b00c793c7d327b74af46109539791cf2929235742b0d3ed5ad6e6e6f3f7ae3242904283c1e3a9c035d66b36867b999e15536c316f0dca20457550070b9c8c67b8f5ae022f0f6a372b0c96d14722caa0aec71c6467073deb5749d7d60b73a7eabe742ea4af9ca32c8474e3ebdbd2b9eb53737cd177b154da8e8d178788b59f0b6857ba2dca3837b166091f91e531392be9923afb57046ba4f186b52ea9f64b794c320b4de893459db20273919e40e7eef6ae618f35d54d5a376b53396aec771f0b7c4b3683aa5d4515bc170b7b0988a4d089541eb92a78238c62beeef06dcdadef85749b9b08a386d65b68de38e35c2a02bd00f41cd7e7069d79258dfc1750edf32170ea08c8241cf35fa0df093c4361e23f0269975a7cd1bf97108a544409e5b8eabb4741e9ed51523af31707d0b5f12bc569e0bf075feb6f099cc0bf247b80cb1e17a919192338e719af877c6ff123c41e30f3d7539d22b79a7f3de0801542d8c0ce4938006319c7e35eebfb60f8a6faced34ef0e40152cef90cf3302097dac30b8c71c806be5366f5ab82495c993bb1fbb35734d9d2def229648e39029ced933b73ef8e6a82d3c1c55ee893d4348f0d58df092761632cf7ac7c98fcd54dac586001c2a8e7a9206338e95ccf8fb4a5d1f541673c4b05fc636cf0abab05e0633b4900f5e335849ab5e476ed0acedb1883cf247d0f5154cb9762cc4924e493deb0a74a519734a572e524d59218fd2a302a7dbbb3d29bb706b76894c7a9c8cd2d565622ac2b03de9a771346d685a8c360c37b4a43e778c70be8473c9eb5d8c0d6d269c675666966019001ce0920e7f0cfe55e6b5aba3d8dc5c133c92b5bd8c58f3276242a8f41ea4e3a0ae6af878cdf35f5294da563bfd235b3e148af2fe38a690980c51100ec594fdd24f1f77248eb838acb8fc6afe1bd3045e18d42ea0d4a62924d730aaa045c366204f2dd5493c7208e700d616abe214bab79ed98c9f63562d0a00aa5db18dee79ce07419e3f5ae4e4937f03a52a549457bdb8b767b47843e2f693a76a56d79aa786c35da121ee6c6e0c45815c1ca636b64e4e38ea6baed6f4af0dfc4244d7bc1e069d6a030bf81b68f224c9da4a83c06033c7a67b1c7cd02b4f46d4ee2c25748e6912098049903101c0391903ae0e08f71553a5192b243bb475da8d86a1a7df5d69d788f05cc04a3c2c71b483d31d3a60823d4566b493870f212768c1c8e80e4577d673d9f8cf46816e26964f115a1937ba8526ee2c82a49272cca030c7b0ae552f160c6f1e65bcca51f7a8cb2938c8f7070723f1ae29269d8a4ee66c7d73939fcea64d9e687008908dbd7b1a8ede096542631bf048c0eb4eb82e92f96c3050e3a608ef58df5b215c1d5da666546f720640f62698acc5b2a7047afeb52fda0a9f9c97edc9c60d5699cb15dbf4ff1ad56a5dd58bd115933bc00c0e063a74ae56fd99af26ddd4311f857451b67046720f349aa5b26a291b6fd92a64640c823deb4a1555396a4cbde472d4559bcb396d1f128c83d1874350c486470abd4fbe2bd2524d5d191dbe9733c1a6da875c61002a3b552f19456f2431dd4308f30b00ee382463bfe95168b705ed14cc4b18db683dc8ad2b93be325412bc1231d41f5af3399d3a97376ef1b1caff654e7423a98e6159bca23b8e3afd33c564c9c1af4886e217d1a7b4750636c82b9c0ede9f87e55e797516c91d7fba71d2bb2955f697b99b56b15eba8f0b78e35ff000d5a5c59e93a94f6d6772ca67890f0f83c73d47e15cb9a01c568076df157c713f8f3c430ea77286331dac76e14fa8c96381eac4d715d4d275a728a0070f5a09a4269a79e05310e1cf4a7018a451814ac703de988703e94e518e48a9b4e08d3aac8321fe5cfa67bd6c78a2d6081a3787386e1428014281fcea5d44a4a3dc76d2e72f8e7152471b13d29a2ea50b85dabee1467f3a8de491ce5dc934ae8ab1a3e6dbda9524adc3f39539da3fc6a3bdd56e2f08f39cb28fbabd02f18e00e074159f4b45ee1ca8733963c9a3b74c53680690ec3c5381a68345508ddd12fcda5cdacc656088ff305254e3ea39e6b6f57b61e65bce9fea274de9b47dde791f51eb5c5a360d76fe12d72c60b1fb0ea96a2e6c9dc33153b6588f42c87a74ae7ad0d39913b31ba65b4b234df6775578c0396202907381f5cf00ff2e2a4b583ed370cb725c4807423a71c53ae8410dfbcb652b14525a225792993d7df18cd6a5aea0351d523927c34ac9b598e327032327f888ec7d315e7d4d22da1b57467dc6952ae761dc3ebc83f4aa72e9f2dba6f930a091d0e7f4af401660c07f76d93c9c8c0fceb36fadc385c80dcf4c038ed915c91c43bd872a7289c7ec52981927d48e3f0a8d5d957920f38eb5b73d818e095b70000c9ebd7fc6b9d20e78eb5d9092992997d1d268f6ba86f50466b2f56b211cf0cc2202d8b7964af1cf5c7e46addb3e18920fb923f955891a29800f18600e707a67b5690a8e9bd362ee9a1c84427ca58d5625185e6a65965504a1240e0f5e87b55291c93f29008e01c714c9e660bf7f685c1c9e292d42e8b514fb25611e0a720641e3f0ef546eed63bc46c20f380f95b38fd2a117ea72bb5bd72475fa7345bddbcf3ac76ea4aae4b12074ada309c5dd6826d330654c64771c541d2afdd452472132a152c4919aa4ebcf15dfbaba250dcd3d48c5459c52e695cab0e269334a3a534f1408915b0b4e55ddce6a06a9627c803d284c1a3acd1ec2d97497ba7512b146382b8da467a1ab5a75b4baae8ad15cf1c8f298738007f8d732f7d7325ba40d3379483014703ff00af5bba66b52c56e20b4b769dd5739e9f901dab9ab539daeb7bfdc66715466928ad4dc7514829698051451400034ea68a75310f5ab366fb2e6339fe219aaa2a7b3c1ba8c31c02c3354f6259e9fe17b18a48aedaed4b5b44a1083918ddc920f638c55268521d5d8e9e18a315785867729c838c7a9e98adef0658a6a705c5bca1a5791b7a8420fa641039e463b7e55d247a119753f36ceddde523e68947cbb402724f6e3a91d2be76552d3773ba3439a9a6ba15ad2edeede569da35119c32ab648fa8e9c1cd41a92a85cc0d80d8c1c7bd6af82b47dd0ea975706016b729244e3cd00aa8c1ce0fbf43c6319a8efade09a749e3c98ca91b84b9523b37f87e39ae69594b429c5ca3738b986d2c18927b023815ce5ddbb8078f9bb13c8c5761a9461252a1831ec579e7deb1e78b23072b839cd75d29f2ea79f5236673060749d0f9c096e304727d4015324bb646092608c8c7209ad87b366bc86455dd1989864119ceec734496d05acd2930b3b3804b1195538f5ee79ce0576ba919ad77b19ec66c56f2cec0aaeec90062a57891582c84310793e953941b46d72549cfdd03a562eb375244ea90c8b823e62a7907d2a69c25525ca89bb62ea368f7241858304eaa0e79aa315c3d848e91f96d9c6e38cfe15564bc7f2847b8851d40efee6aa34c4f4e95e8c21cb1e593b9a24cd5bebd176abb936ba9e0fb567b95079a8639483cf4a495b2722b4568ab21f2ea36460cdc522d25381a92c72d2b52a8a43544919eb48091d29cdd6907279a9287accc3af35d8783f51f3eea3b3982e186d46c0041f73547c31a02eb2a5515d9c3ed38ec3d6bb4b0f87335aea205b5c2c9346bb82f40c7b007d7eb8ae4c4e22924e9cdea354a52578a3c931453b8c74a6d75000a334945201734514530168cd14500193524321491581e41c8a8e814c47b97c39bf486e74ebf8006b674f2274038539c0cfe2707d78cd7a7b1b8d1aecddaf9932323c6c2152a76b2f1fcc8e9e95f33783bc4afa1c92249109ed64237c6c718f71ef5f52e8d796de31f0bc77b611341e682c40f98260f19e7d71d7d6bc1c5d095297325a74677e1e7192e56713aee932597857ceb7b7b859ae017b968e356d85b240c8f9b6e3191c51e1ad3a19fc3b22b5ca99958b84c762aadc9fc7d3f956f2b6af05cdbd83daf9f1c3fb96b88581dd11fe16523a6de323a62ae1d223b2b1952084a7efd89461c707861ec46315c12a8d46cceb549396879d6b360910dc236560392463b57337016362ac09538f435db788c96475461b800c4938f7c7ff5ab838e4617677e0e07def4ae8a0dc91e5e2e2a33b2250029c8c607526a94f3492ca028e338e9c62a5f3bcc0c48e0919c5437372b671b492b118e013d4ff8575422dbb2dce377667f882f4dbd888e3055a4e3777f7fe95c73ca7279ad1d73536be901da1517ee815906bd7a30f6504ba9a4501249c9a28c719ed456858519a28a4000669eabcd0a29d9c55244b648303ad3240319078a4ce7eb51b139a6d89210f5a5c1c671428c91d29cd9ce2a4a3d2be174ba70b578e79152eda4d8a8d2005f7631b471e9fad77be20d4b4ed374295ef6e6dd268d1c46d148a656623e5521739eff004e335e59f0fbc1d7dae4c97fb0a69b6f28f364f5239da3f4fcebdcf41f839e1c96282f6ee397cedc5cc4643221cf4057fa66bc4c6fd5e35b9aa49fa23be87b570b457ccf957145253837b0af68e01b8a0d3ce0f238f6a4da7190323d453b00d1452d25218b45252d0006941a4a502988729c1af47f86da8eaf7568fa768f2dc25dd83b6a70f96ff2b045cbc6c33d187d79e08e78f37a9ada792da749a091e3950e55d0e083ec694e3ceac09d9dcfa317c6314ba9c1a8e8d2936b29cb0742a636ee8464e08e3bfe75df4bac4b3d9497389651e503246b80324f38f7e4d7cc4de23b68b50fb6d9a32c578a05ddab7255c019756e0609c91e9c83ea7d9bc01afb5c698967bd248a45caef19cfa30ef9ebf9578389c27b1d7a1e8d0aeea5e2f7317c6b37f65c534d7a4793bbe5207507a01ef5e5a3c41007941b6728df7497f9bfc2badf8abaa48d633d983e6c5f6af96565c1c727181d3d2bca57713c735df81c341d3bc95ee70577cd366e8d7a55b826348f664e011cfe756f58125f68d6d7c33f7b6b8ce707a5735e5b0c63935d2d85aea1159089ed1da091c3919c9201190a07d2bbfd8c62d492b3461276396b8cac8548208ea0d455d6f8d74db55bf964d3ee3cd50e428763bcae32320f4c0e0e79c8ae49815382306aea45c58e9545522a482933452541a8b4e5eb4d14f4a1098e2714c2d431a6d36c121c0e0d25252d218a837301d2b7fc31e18d53c4ba97d8343b56bcbbda5ca4647ca83ab12780391d6b0e2192057dabf007c0d1f84bc151c97d146356d5409e67d9878a3651b22e79e3a9e9c9f6acabd65421cdd4708f3cac56f871f0fae74af0ad8e9f7b74b3793976f2c8f2f731c9db9ebd8648eddabd26c2c951d546d7445c727240ab73ac56b032c312608c9c8c007d6934731796de548aff00ecaf6af95a8954abef3d5eacf539da869b23f37703d68e3b5368afafb9e48b4aac548c1231494945c64d712249b0aa6d7030e7b13eb8ed515252d0ddc4145145030a075a28a603a9c29a3a52d32476715d9f84fc51169f6c96d3130b29caca327ffd55c553aa2a538d58f2c8136b63d4b584b4d6b4f942b8f31fe62e9ca939fbd8fe78ae66c7c332dbdc6eba9206442708adb8be2b9786e67b7cf912bc79ebb5b15a7a5ebf71680acfba78c9c80cc720fa835846954a5171a6c8926cb1e2c251eda24c01b4b10a31b79c63f4ac68e69d190a3c80a1cae5ba5767637963ab993088b2e3a48a33f9f7ae6b5c963fb748b12aaaa7ca02fb56d46575caf46898bfb24b7ba835d794b75f662c304ccaa77fd09ef51eac34c9114db5ddc3c81001e6ae40007ddcfb565aabc8d85058fa0abb73a35fc1179935bb2a60124f419e99f4e9d2b47d916924526b700e2395243fec83fd6a0208382306ac471bae7e53c5174b9766ee4f3438e855f520a7ad329cadeb490d88dd69b4e61cd34d2602d395091900914ca92294c79c0049efe94d01240e62951d7ef290457e82f85f583ab785747bfba2cb2dc5a43349191862cc80b038f7e7b57e7d5a3017319750ea186549e08f4afab97c7eb1470ada442389515445d542ed18c7b6071ed5e466fcee315046d87946327cccf7a02de50b92bb48c019c8fa52bac50aed80221f615e25a7f8ce6b994195cc680f181d79e7f4c574765e234965db24c58927696c01c9e07e02bc3759c16b1d4ec8a52d9e87c318e334034b495f6479c28a52b8a4a729ec7f3a684368a08c1c518a56185145290298098a294f0292801c38a29053a988514b4da514c404514b4e44dc7e519340896cee25b59d6681b6baf7ad392eb4c9c3dc4f0c9f69ee8a708c7b9f6ac73c0c54b656d25e5c2410a9676a1a5b89aea777e1ab4b286d5a6b70e5ae3a17c1d8be9fd6b7a3559610b20dcacb8d87900771cf6e3a564e9e8ba6d82c44ab18c739ea79ed4db9d4a599888db646063038e2bc6af79d46d33356bdd96271a22ac8b14203b0193b78cff9f6ae4356d21a692496d109eec80e7ea47f856b94323671c0fc80ab7a949148d19810a1db86f7c77ad69d49537bdc39ba9c15d594d6e079b13a13fde522aaed35dd18fcd9042ffbc563b080339cf19fad73fe23d1a5d1efdada52181512238180ea4641fe9f506bba9d58d476ea691936b53141c75a319e94a47b7340e2b42c42a6900a938348453b05c4076104574be16f107d8e430de4aff6761f2f7d87fa5732493d693915328a92e57b09c6fb9ecfa56a9978ca49c67230c0822b6935a7139dcff74e47b9af088351bb82231c33ba21ec0d21bfba28c9f68976b751b8f35c12cbe127b9294e3a267fffd9",
        "properties": {}
      }
    ]
  }
]